Archive member included to satisfy reference by file (symbol)

/opt/gcc-arm-none-eabi-9-2020-q2-update/bin/../lib/gcc/arm-none-eabi/9.3.1/../../../../arm-none-eabi/lib/thumb/v7-m/nofp/libc_nano.a(lib_a-exit.o)
                              /opt/gcc-arm-none-eabi-9-2020-q2-update/bin/../lib/gcc/arm-none-eabi/9.3.1/../../../../arm-none-eabi/lib/thumb/v7-m/nofp/crt0.o (exit)
/opt/gcc-arm-none-eabi-9-2020-q2-update/bin/../lib/gcc/arm-none-eabi/9.3.1/../../../../arm-none-eabi/lib/thumb/v7-m/nofp/libc_nano.a(lib_a-impure.o)
                              /opt/gcc-arm-none-eabi-9-2020-q2-update/bin/../lib/gcc/arm-none-eabi/9.3.1/../../../../arm-none-eabi/lib/thumb/v7-m/nofp/libc_nano.a(lib_a-exit.o) (_global_impure_ptr)
/opt/gcc-arm-none-eabi-9-2020-q2-update/bin/../lib/gcc/arm-none-eabi/9.3.1/../../../../arm-none-eabi/lib/thumb/v7-m/nofp/libc_nano.a(lib_a-init.o)
                              /opt/gcc-arm-none-eabi-9-2020-q2-update/bin/../lib/gcc/arm-none-eabi/9.3.1/../../../../arm-none-eabi/lib/thumb/v7-m/nofp/crt0.o (__libc_init_array)
/opt/gcc-arm-none-eabi-9-2020-q2-update/bin/../lib/gcc/arm-none-eabi/9.3.1/../../../../arm-none-eabi/lib/thumb/v7-m/nofp/libc_nano.a(lib_a-memcpy-stub.o)
                              build/queue.o (memcpy)
/opt/gcc-arm-none-eabi-9-2020-q2-update/bin/../lib/gcc/arm-none-eabi/9.3.1/../../../../arm-none-eabi/lib/thumb/v7-m/nofp/libc_nano.a(lib_a-memset.o)
                              /opt/gcc-arm-none-eabi-9-2020-q2-update/bin/../lib/gcc/arm-none-eabi/9.3.1/../../../../arm-none-eabi/lib/thumb/v7-m/nofp/crt0.o (memset)
/opt/gcc-arm-none-eabi-9-2020-q2-update/bin/../lib/gcc/arm-none-eabi/9.3.1/../../../../arm-none-eabi/lib/thumb/v7-m/nofp/libnosys.a(_exit.o)
                              /opt/gcc-arm-none-eabi-9-2020-q2-update/bin/../lib/gcc/arm-none-eabi/9.3.1/../../../../arm-none-eabi/lib/thumb/v7-m/nofp/libc_nano.a(lib_a-exit.o) (_exit)

Allocating common symbols
Common symbol       size              file

defaultTaskHandle   0x4               build/main.o
hcan                0x28              build/main.o
uwTick              0x4               build/stm32f1xx_hal.o
xQueueRegistry      0x40              build/queue.o
pFlash              0x20              build/stm32f1xx_hal_flash.o
huart1              0x48              build/main.o

Discarded input sections

 .text          0x0000000000000000        0x0 /opt/gcc-arm-none-eabi-9-2020-q2-update/bin/../lib/gcc/arm-none-eabi/9.3.1/thumb/v7-m/nofp/crti.o
 .data          0x0000000000000000        0x0 /opt/gcc-arm-none-eabi-9-2020-q2-update/bin/../lib/gcc/arm-none-eabi/9.3.1/thumb/v7-m/nofp/crti.o
 .bss           0x0000000000000000        0x0 /opt/gcc-arm-none-eabi-9-2020-q2-update/bin/../lib/gcc/arm-none-eabi/9.3.1/thumb/v7-m/nofp/crti.o
 .data          0x0000000000000000        0x4 /opt/gcc-arm-none-eabi-9-2020-q2-update/bin/../lib/gcc/arm-none-eabi/9.3.1/thumb/v7-m/nofp/crtbegin.o
 .text          0x0000000000000000       0x7c /opt/gcc-arm-none-eabi-9-2020-q2-update/bin/../lib/gcc/arm-none-eabi/9.3.1/../../../../arm-none-eabi/lib/thumb/v7-m/nofp/crt0.o
 .data          0x0000000000000000        0x0 /opt/gcc-arm-none-eabi-9-2020-q2-update/bin/../lib/gcc/arm-none-eabi/9.3.1/../../../../arm-none-eabi/lib/thumb/v7-m/nofp/crt0.o
 .bss           0x0000000000000000        0x0 /opt/gcc-arm-none-eabi-9-2020-q2-update/bin/../lib/gcc/arm-none-eabi/9.3.1/../../../../arm-none-eabi/lib/thumb/v7-m/nofp/crt0.o
 .ARM.extab     0x0000000000000000        0x0 /opt/gcc-arm-none-eabi-9-2020-q2-update/bin/../lib/gcc/arm-none-eabi/9.3.1/../../../../arm-none-eabi/lib/thumb/v7-m/nofp/crt0.o
 .ARM.exidx     0x0000000000000000       0x10 /opt/gcc-arm-none-eabi-9-2020-q2-update/bin/../lib/gcc/arm-none-eabi/9.3.1/../../../../arm-none-eabi/lib/thumb/v7-m/nofp/crt0.o
 .ARM.attributes
                0x0000000000000000       0x1b /opt/gcc-arm-none-eabi-9-2020-q2-update/bin/../lib/gcc/arm-none-eabi/9.3.1/../../../../arm-none-eabi/lib/thumb/v7-m/nofp/crt0.o
 .text          0x0000000000000000        0x0 build/main.o
 .data          0x0000000000000000        0x0 build/main.o
 .bss           0x0000000000000000        0x0 build/main.o
 .text          0x0000000000000000        0x0 build/freertos.o
 .data          0x0000000000000000        0x0 build/freertos.o
 .bss           0x0000000000000000        0x0 build/freertos.o
 .debug_info    0x0000000000000000      0x189 build/freertos.o
 .debug_abbrev  0x0000000000000000       0x97 build/freertos.o
 .debug_aranges
                0x0000000000000000       0x18 build/freertos.o
 .debug_line    0x0000000000000000      0x17b build/freertos.o
 .debug_str     0x0000000000000000      0x25b build/freertos.o
 .comment       0x0000000000000000       0x4d build/freertos.o
 .ARM.attributes
                0x0000000000000000       0x33 build/freertos.o
 .text          0x0000000000000000        0x0 build/stm32f1xx_it.o
 .data          0x0000000000000000        0x0 build/stm32f1xx_it.o
[...]
Memory Configuration

Name             Origin             Length             Attributes
RAM              0x0000000020000000 0x0000000000005000 xrw
FLASH            0x0000000008000000 0x0000000000010000 xr
*default*        0x0000000000000000 0xffffffffffffffff

Linker script and memory map

LOAD /opt/gcc-arm-none-eabi-9-2020-q2-update/bin/../lib/gcc/arm-none-eabi/9.3.1/thumb/v7-m/nofp/crti.o
LOAD /opt/gcc-arm-none-eabi-9-2020-q2-update/bin/../lib/gcc/arm-none-eabi/9.3.1/thumb/v7-m/nofp/crtbegin.o
LOAD /opt/gcc-arm-none-eabi-9-2020-q2-update/bin/../lib/gcc/arm-none-eabi/9.3.1/../../../../arm-none-eabi/lib/thumb/v7-m/nofp/crt0.o
LOAD build/main.o
LOAD build/freertos.o
LOAD build/stm32f1xx_it.o
LOAD build/stm32f1xx_hal_msp.o
LOAD build/stm32f1xx_hal_gpio_ex.o
LOAD build/stm32f1xx_hal_can.o
LOAD build/stm32f1xx_hal.o
LOAD build/stm32f1xx_hal_rcc.o
LOAD build/stm32f1xx_hal_rcc_ex.o
LOAD build/stm32f1xx_hal_gpio.o
LOAD build/stm32f1xx_hal_dma.o
LOAD build/stm32f1xx_hal_cortex.o
LOAD build/stm32f1xx_hal_pwr.o
LOAD build/stm32f1xx_hal_flash.o
LOAD build/stm32f1xx_hal_flash_ex.o
LOAD build/stm32f1xx_hal_exti.o
LOAD build/stm32f1xx_hal_tim.o
LOAD build/stm32f1xx_hal_tim_ex.o
LOAD build/stm32f1xx_hal_uart.o
LOAD build/system_stm32f1xx.o
LOAD build/croutine.o
LOAD build/event_groups.o
LOAD build/list.o
LOAD build/queue.o
LOAD build/stream_buffer.o
LOAD build/tasks.o
LOAD build/timers.o
LOAD build/cmsis_os2.o
LOAD build/heap_4.o
LOAD build/port.o
LOAD build/startup_stm32f103xb.o
LOAD /opt/gcc-arm-none-eabi-9-2020-q2-update/bin/../lib/gcc/arm-none-eabi/9.3.1/../../../../arm-none-eabi/lib/thumb/v7-m/nofp/libc_nano.a
LOAD /opt/gcc-arm-none-eabi-9-2020-q2-update/bin/../lib/gcc/arm-none-eabi/9.3.1/../../../../arm-none-eabi/lib/thumb/v7-m/nofp/libm.a
LOAD /opt/gcc-arm-none-eabi-9-2020-q2-update/bin/../lib/gcc/arm-none-eabi/9.3.1/../../../../arm-none-eabi/lib/thumb/v7-m/nofp/libnosys.a
START GROUP
LOAD /opt/gcc-arm-none-eabi-9-2020-q2-update/bin/../lib/gcc/arm-none-eabi/9.3.1/thumb/v7-m/nofp/libgcc.a
LOAD /opt/gcc-arm-none-eabi-9-2020-q2-update/bin/../lib/gcc/arm-none-eabi/9.3.1/../../../../arm-none-eabi/lib/thumb/v7-m/nofp/libc_nano.a
END GROUP
START GROUP
LOAD /opt/gcc-arm-none-eabi-9-2020-q2-update/bin/../lib/gcc/arm-none-eabi/9.3.1/thumb/v7-m/nofp/libgcc.a
LOAD /opt/gcc-arm-none-eabi-9-2020-q2-update/bin/../lib/gcc/arm-none-eabi/9.3.1/../../../../arm-none-eabi/lib/thumb/v7-m/nofp/libc_nano.a
END GROUP
LOAD /opt/gcc-arm-none-eabi-9-2020-q2-update/bin/../lib/gcc/arm-none-eabi/9.3.1/thumb/v7-m/nofp/crtend.o
LOAD /opt/gcc-arm-none-eabi-9-2020-q2-update/bin/../lib/gcc/arm-none-eabi/9.3.1/thumb/v7-m/nofp/crtn.o
                0x0000000020005000                _estack = (ORIGIN (RAM) + LENGTH (RAM))
                0x0000000000000200                _Min_Heap_Size = 0x200
                0x0000000000000400                _Min_Stack_Size = 0x400

.isr_vector     0x0000000008000000      0x10c
                0x0000000008000000                . = ALIGN (0x4)
 *(.isr_vector)
 .isr_vector    0x0000000008000000      0x10c build/startup_stm32f103xb.o
                0x0000000008000000                g_pfnVectors
                0x000000000800010c                . = ALIGN (0x4)

.text           0x0000000008000110     0x2c44
                0x0000000008000110                . = ALIGN (0x4)
 *(.text)
 .text          0x0000000008000110       0x40 /opt/gcc-arm-none-eabi-9-2020-q2-update/bin/../lib/gcc/arm-none-eabi/9.3.1/thumb/v7-m/nofp/crtbegin.o
 *(.text*)
 .text.MX_GPIO_Init
                0x0000000008000150       0x90 build/main.o
 .text.StartDefaultTask
                0x00000000080001e0        0xa build/main.o
                0x00000000080001e0                StartDefaultTask
 .text.HAL_GPIO_EXTI_Callback
                0x00000000080001ea        0x2 build/main.o
                0x00000000080001ea                HAL_GPIO_EXTI_Callback
 .text.Error_Handler
                0x00000000080001ec        0x4 build/main.o
                0x00000000080001ec                Error_Handler
 .text.MX_CAN_Init
                0x00000000080001f0       0x38 build/main.o
 .text.MX_USART1_UART_Init
                0x0000000008000228       0x34 build/main.o
 .text.SystemClock_Config
                0x000000000800025c       0x52 build/main.o
                0x000000000800025c                SystemClock_Config
 *fill*         0x00000000080002ae        0x2 
 .text.main     0x00000000080002b0       0x3c build/main.o
                0x00000000080002b0                main
 .text.NMI_Handler
                0x00000000080002ec        0x2 build/stm32f1xx_it.o
                0x00000000080002ec                NMI_Handler
 .text.HardFault_Handler
                0x00000000080002ee        0x2 build/stm32f1xx_it.o
                0x00000000080002ee                HardFault_Handler
 .text.MemManage_Handler
                0x00000000080002f0        0x2 build/stm32f1xx_it.o
                0x00000000080002f0                MemManage_Handler
 .text.BusFault_Handler
                0x00000000080002f2        0x2 build/stm32f1xx_it.o
                0x00000000080002f2                BusFault_Handler
 .text.UsageFault_Handler
                0x00000000080002f4        0x2 build/stm32f1xx_it.o
                0x00000000080002f4                UsageFault_Handler
 .text.DebugMon_Handler
                0x00000000080002f6        0x2 build/stm32f1xx_it.o
                0x00000000080002f6                DebugMon_Handler
 .text.SysTick_Handler
                0x00000000080002f8       0x16 build/stm32f1xx_it.o
                0x00000000080002f8                SysTick_Handler
 .text.EXTI1_IRQHandler
                0x000000000800030e        0xa build/stm32f1xx_it.o
                0x000000000800030e                EXTI1_IRQHandler
 .text.EXTI2_IRQHandler
                0x0000000008000318        0xa build/stm32f1xx_it.o
                0x0000000008000318                EXTI2_IRQHandler
 .text.EXTI3_IRQHandler
                0x0000000008000322        0xa build/stm32f1xx_it.o
                0x0000000008000322                EXTI3_IRQHandler
 .text.EXTI4_IRQHandler
                0x000000000800032c        0xa build/stm32f1xx_it.o
                0x000000000800032c                EXTI4_IRQHandler
 .text.EXTI9_5_IRQHandler
                0x0000000008000336       0x10 build/stm32f1xx_it.o
                0x0000000008000336                EXTI9_5_IRQHandler
 *fill*         0x0000000008000346        0x2 
 .text.HAL_MspInit
                0x0000000008000348       0x54 build/stm32f1xx_hal_msp.o
                0x0000000008000348                HAL_MspInit
 .text.HAL_CAN_MspInit
                0x000000000800039c       0x78 build/stm32f1xx_hal_msp.o
                0x000000000800039c                HAL_CAN_MspInit
 .text.HAL_UART_MspInit
                0x0000000008000414       0x78 build/stm32f1xx_hal_msp.o
                0x0000000008000414                HAL_UART_MspInit
 .text.HAL_CAN_Init
                0x000000000800048c      0x14c build/stm32f1xx_hal_can.o
                0x000000000800048c                HAL_CAN_Init
 .text.HAL_InitTick
                0x00000000080005d8       0x4c build/stm32f1xx_hal.o
                0x00000000080005d8                HAL_InitTick
 .text.HAL_Init
                0x0000000008000624       0x24 build/stm32f1xx_hal.o
                0x0000000008000624                HAL_Init
 .text.HAL_IncTick
                0x0000000008000648       0x18 build/stm32f1xx_hal.o
                0x0000000008000648                HAL_IncTick
 .text.HAL_GetTick
                0x0000000008000660        0xc build/stm32f1xx_hal.o
                0x0000000008000660                HAL_GetTick
 .text.RCC_Delay
                0x000000000800066c       0x2c build/stm32f1xx_hal_rcc.o
 .text.HAL_RCC_OscConfig
                0x0000000008000698      0x410 build/stm32f1xx_hal_rcc.o
                0x0000000008000698                HAL_RCC_OscConfig
 .text.HAL_RCC_GetSysClockFreq
                0x0000000008000aa8       0x54 build/stm32f1xx_hal_rcc.o
                0x0000000008000aa8                HAL_RCC_GetSysClockFreq
 .text.HAL_RCC_ClockConfig
                0x0000000008000afc      0x16c build/stm32f1xx_hal_rcc.o
                0x0000000008000afc                HAL_RCC_ClockConfig
 .text.HAL_RCC_GetHCLKFreq
                0x0000000008000c68        0xc build/stm32f1xx_hal_rcc.o
                0x0000000008000c68                HAL_RCC_GetHCLKFreq
 .text.HAL_RCC_GetPCLK1Freq
                0x0000000008000c74       0x20 build/stm32f1xx_hal_rcc.o
                0x0000000008000c74                HAL_RCC_GetPCLK1Freq
 .text.HAL_RCC_GetPCLK2Freq
                0x0000000008000c94       0x20 build/stm32f1xx_hal_rcc.o
                0x0000000008000c94                HAL_RCC_GetPCLK2Freq
 .text.HAL_GPIO_Init
                0x0000000008000cb4      0x220 build/stm32f1xx_hal_gpio.o
                0x0000000008000cb4                HAL_GPIO_Init
 .text.HAL_GPIO_EXTI_IRQHandler
                0x0000000008000ed4       0x1c build/stm32f1xx_hal_gpio.o
                0x0000000008000ed4                HAL_GPIO_EXTI_IRQHandler
 .text.HAL_NVIC_SetPriorityGrouping
                0x0000000008000ef0       0x24 build/stm32f1xx_hal_cortex.o
                0x0000000008000ef0                HAL_NVIC_SetPriorityGrouping
 .text.HAL_NVIC_SetPriority
                0x0000000008000f14       0x68 build/stm32f1xx_hal_cortex.o
                0x0000000008000f14                HAL_NVIC_SetPriority
 .text.HAL_NVIC_EnableIRQ
                0x0000000008000f7c       0x1c build/stm32f1xx_hal_cortex.o
                0x0000000008000f7c                HAL_NVIC_EnableIRQ
 .text.HAL_SYSTICK_Config
                0x0000000008000f98       0x2c build/stm32f1xx_hal_cortex.o
                0x0000000008000f98                HAL_SYSTICK_Config
 .text.UART_SetConfig
                0x0000000008000fc4       0x90 build/stm32f1xx_hal_uart.o
 .text.HAL_UART_Init
                0x0000000008001054       0x60 build/stm32f1xx_hal_uart.o
                0x0000000008001054                HAL_UART_Init
 .text.SystemInit
                0x00000000080010b4        0x2 build/system_stm32f1xx.o
                0x00000000080010b4                SystemInit
 .text.vListInitialise
                0x00000000080010b6       0x16 build/list.o
                0x00000000080010b6                vListInitialise
 .text.vListInitialiseItem
                0x00000000080010cc        0x6 build/list.o
                0x00000000080010cc                vListInitialiseItem
 .text.vListInsertEnd
                0x00000000080010d2       0x16 build/list.o
                0x00000000080010d2                vListInsertEnd
 .text.vListInsert
                0x00000000080010e8       0x32 build/list.o
                0x00000000080010e8                vListInsert
 .text.uxListRemove
                0x000000000800111a       0x26 build/list.o
                0x000000000800111a                uxListRemove
 .text.prvIsQueueFull
                0x0000000008001140       0x1e build/queue.o
 .text.prvIsQueueEmpty
                0x000000000800115e       0x1a build/queue.o
 .text.prvCopyDataToQueue
                0x0000000008001178       0x76 build/queue.o
 .text.prvCopyDataFromQueue
                0x00000000080011ee       0x24 build/queue.o
 .text.prvUnlockQueue
                0x0000000008001212       0x6e build/queue.o
 .text.xQueueGenericReset
                0x0000000008001280       0x84 build/queue.o
                0x0000000008001280                xQueueGenericReset
 .text.prvInitialiseNewQueue
                0x0000000008001304       0x22 build/queue.o
 .text.xQueueGenericCreateStatic
                0x0000000008001326       0x94 build/queue.o
                0x0000000008001326                xQueueGenericCreateStatic
 *fill*         0x00000000080013ba        0x2 
 .text.xQueueGenericSend
                0x00000000080013bc      0x180 build/queue.o
                0x00000000080013bc                xQueueGenericSend
 .text.xQueueGenericSendFromISR
                0x000000000800153c       0xd0 build/queue.o
                0x000000000800153c                xQueueGenericSendFromISR
 .text.xQueueReceive
                0x000000000800160c      0x15c build/queue.o
                0x000000000800160c                xQueueReceive
 .text.vQueueAddToRegistry
                0x0000000008001768       0x28 build/queue.o
                0x0000000008001768                vQueueAddToRegistry
 .text.vQueueWaitForMessageRestricted
                0x0000000008001790       0x52 build/queue.o
                0x0000000008001790                vQueueWaitForMessageRestricted
 *fill*         0x00000000080017e2        0x2 
 .text.prvResetNextTaskUnblockTime
                0x00000000080017e4       0x2c build/tasks.o
 .text.prvInitialiseNewTask
                0x0000000008001810       0x9a build/tasks.o
 *fill*         0x00000000080018aa        0x2 
 .text.prvInitialiseTaskLists
                0x00000000080018ac       0x68 build/tasks.o
 .text.prvAddNewTaskToReadyList
                0x0000000008001914       0xac build/tasks.o
 .text.prvDeleteTCB
                0x00000000080019c0       0x38 build/tasks.o
 .text.prvCheckTasksWaitingTermination
                0x00000000080019f8       0x4c build/tasks.o
 .text.prvIdleTask
                0x0000000008001a44       0x28 build/tasks.o
 .text.prvAddCurrentTaskToDelayedList
                0x0000000008001a6c       0x7c build/tasks.o
 .text.xTaskCreateStatic
                0x0000000008001ae8       0x74 build/tasks.o
                0x0000000008001ae8                xTaskCreateStatic
 .text.xTaskCreate
                0x0000000008001b5c       0x68 build/tasks.o
                0x0000000008001b5c                xTaskCreate
 .text.vTaskStartScheduler
                0x0000000008001bc4       0x94 build/tasks.o
                0x0000000008001bc4                vTaskStartScheduler
 .text.vTaskSuspendAll
                0x0000000008001c58       0x10 build/tasks.o
                0x0000000008001c58                vTaskSuspendAll
 .text.xTaskGetTickCount
                0x0000000008001c68        0xc build/tasks.o
                0x0000000008001c68                xTaskGetTickCount
 .text.xTaskIncrementTick
                0x0000000008001c74      0x11c build/tasks.o
                0x0000000008001c74                xTaskIncrementTick
 .text.xTaskResumeAll
                0x0000000008001d90       0xf8 build/tasks.o
                0x0000000008001d90                xTaskResumeAll
 .text.vTaskDelay
                0x0000000008001e88       0x4c build/tasks.o
                0x0000000008001e88                vTaskDelay
 .text.vTaskSwitchContext
                0x0000000008001ed4       0x94 build/tasks.o
                0x0000000008001ed4                vTaskSwitchContext
 .text.vTaskPlaceOnEventList
                0x0000000008001f68       0x30 build/tasks.o
                0x0000000008001f68                vTaskPlaceOnEventList
 .text.vTaskPlaceOnEventListRestricted
                0x0000000008001f98       0x38 build/tasks.o
                0x0000000008001f98                vTaskPlaceOnEventListRestricted
 .text.xTaskRemoveFromEventList
                0x0000000008001fd0       0x8c build/tasks.o
                0x0000000008001fd0                xTaskRemoveFromEventList
 .text.vTaskInternalSetTimeOutState
                0x000000000800205c       0x18 build/tasks.o
                0x000000000800205c                vTaskInternalSetTimeOutState
 .text.xTaskCheckForTimeOut
                0x0000000008002074       0x84 build/tasks.o
                0x0000000008002074                xTaskCheckForTimeOut
 .text.vTaskMissedYield
                0x00000000080020f8        0xc build/tasks.o
                0x00000000080020f8                vTaskMissedYield
 .text.xTaskGetSchedulerState
                0x0000000008002104       0x20 build/tasks.o
                0x0000000008002104                xTaskGetSchedulerState
 .text.xTaskPriorityDisinherit
                0x0000000008002124       0x90 build/tasks.o
                0x0000000008002124                xTaskPriorityDisinherit
 .text.prvGetNextExpireTime
                0x00000000080021b4       0x20 build/timers.o
 .text.prvInsertTimerInActiveList
                0x00000000080021d4       0x48 build/timers.o
 .text.prvCheckForValidListAndQueue
                0x000000000800221c       0x70 build/timers.o
 .text.xTimerCreateTimerTask
                0x000000000800228c       0x64 build/timers.o
                0x000000000800228c                xTimerCreateTimerTask
 .text.xTimerGenericCommand
                0x00000000080022f0       0x6c build/timers.o
                0x00000000080022f0                xTimerGenericCommand
 .text.prvSwitchTimerLists
                0x000000000800235c       0x7c build/timers.o
 .text.prvSampleTimeNow
                0x00000000080023d8       0x2c build/timers.o
 .text.prvProcessExpiredTimer
                0x0000000008002404       0x6c build/timers.o
 .text.prvProcessTimerOrBlockTask
                0x0000000008002470       0x74 build/timers.o
 .text.prvProcessReceivedCommands
                0x00000000080024e4      0x10c build/timers.o
 .text.prvTimerTask
                0x00000000080025f0       0x16 build/timers.o
 *fill*         0x0000000008002606        0x2 
 .text.osKernelInitialize
                0x0000000008002608       0x24 build/cmsis_os2.o
                0x0000000008002608                osKernelInitialize
 .text.osKernelStart
                0x000000000800262c       0x38 build/cmsis_os2.o
                0x000000000800262c                osKernelStart
 .text.osThreadNew
                0x0000000008002664       0xbc build/cmsis_os2.o
                0x0000000008002664                osThreadNew
 .text.osDelay  0x0000000008002720       0x1c build/cmsis_os2.o
                0x0000000008002720                osDelay
 .text.vApplicationGetIdleTaskMemory
                0x000000000800273c       0x18 build/cmsis_os2.o
                0x000000000800273c                vApplicationGetIdleTaskMemory
 .text.vApplicationGetTimerTaskMemory
                0x0000000008002754       0x18 build/cmsis_os2.o
                0x0000000008002754                vApplicationGetTimerTaskMemory
 .text.prvHeapInit
                0x000000000800276c       0x64 build/heap_4.o
 .text.prvInsertBlockIntoFreeList
                0x00000000080027d0       0x54 build/heap_4.o
 .text.pvPortMalloc
                0x0000000008002824       0xfc build/heap_4.o
                0x0000000008002824                pvPortMalloc
 .text.vPortFree
                0x0000000008002920       0x7c build/heap_4.o
                0x0000000008002920                vPortFree
 .text.prvTaskExitError
                0x000000000800299c       0x40 build/port.o
 .text.prvPortStartFirstTask
                0x00000000080029dc       0x20 build/port.o
 .text.pxPortInitialiseStack
                0x00000000080029fc       0x24 build/port.o
                0x00000000080029fc                pxPortInitialiseStack
 .text.SVC_Handler
                0x0000000008002a20       0x24 build/port.o
                0x0000000008002a20                SVC_Handler
 .text.vPortEnterCritical
                0x0000000008002a44       0x44 build/port.o
                0x0000000008002a44                vPortEnterCritical
 .text.vPortExitCritical
                0x0000000008002a88       0x2c build/port.o
                0x0000000008002a88                vPortExitCritical
 *fill*         0x0000000008002ab4        0xc 
 .text.PendSV_Handler
                0x0000000008002ac0       0x44 build/port.o
                0x0000000008002ac0                PendSV_Handler
 .text.xPortSysTickHandler
                0x0000000008002b04       0x2c build/port.o
                0x0000000008002b04                xPortSysTickHandler
 .text.vPortSetupTimerInterrupt
                0x0000000008002b30       0x38 build/port.o
                0x0000000008002b30                vPortSetupTimerInterrupt
 .text.xPortStartScheduler
                0x0000000008002b68       0xb8 build/port.o
                0x0000000008002b68                xPortStartScheduler
 .text.vPortValidateInterruptPriority
                0x0000000008002c20       0x5c build/port.o
                0x0000000008002c20                vPortValidateInterruptPriority
 .text.Reset_Handler
                0x0000000008002c7c       0x48 build/startup_stm32f103xb.o
                0x0000000008002c7c                Reset_Handler
 .text.Default_Handler
                0x0000000008002cc4        0x2 build/startup_stm32f103xb.o
                0x0000000008002cc4                RTC_Alarm_IRQHandler
                0x0000000008002cc4                TIM1_CC_IRQHandler
                0x0000000008002cc4                PVD_IRQHandler
                0x0000000008002cc4                EXTI0_IRQHandler
                0x0000000008002cc4                I2C2_EV_IRQHandler
                0x0000000008002cc4                ADC1_2_IRQHandler
                0x0000000008002cc4                SPI1_IRQHandler
                0x0000000008002cc4                TAMPER_IRQHandler
                0x0000000008002cc4                DMA1_Channel4_IRQHandler
                0x0000000008002cc4                USART3_IRQHandler
                0x0000000008002cc4                RTC_IRQHandler
                0x0000000008002cc4                DMA1_Channel7_IRQHandler
                0x0000000008002cc4                CAN1_RX1_IRQHandler
                0x0000000008002cc4                TIM4_IRQHandler
                0x0000000008002cc4                I2C1_EV_IRQHandler
                0x0000000008002cc4                DMA1_Channel6_IRQHandler
                0x0000000008002cc4                TIM3_IRQHandler
                0x0000000008002cc4                RCC_IRQHandler
                0x0000000008002cc4                TIM1_TRG_COM_IRQHandler
                0x0000000008002cc4                DMA1_Channel1_IRQHandler
                0x0000000008002cc4                Default_Handler
                0x0000000008002cc4                EXTI15_10_IRQHandler
                0x0000000008002cc4                SPI2_IRQHandler
                0x0000000008002cc4                DMA1_Channel5_IRQHandler
                0x0000000008002cc4                USB_LP_CAN1_RX0_IRQHandler
                0x0000000008002cc4                USB_HP_CAN1_TX_IRQHandler
                0x0000000008002cc4                DMA1_Channel3_IRQHandler
                0x0000000008002cc4                TIM1_UP_IRQHandler
                0x0000000008002cc4                WWDG_IRQHandler
                0x0000000008002cc4                TIM2_IRQHandler
                0x0000000008002cc4                TIM1_BRK_IRQHandler
                0x0000000008002cc4                USART2_IRQHandler
                0x0000000008002cc4                I2C2_ER_IRQHandler
                0x0000000008002cc4                DMA1_Channel2_IRQHandler
                0x0000000008002cc4                CAN1_SCE_IRQHandler
                0x0000000008002cc4                FLASH_IRQHandler
                0x0000000008002cc4                USART1_IRQHandler
                0x0000000008002cc4                I2C1_ER_IRQHandler
                0x0000000008002cc4                USBWakeUp_IRQHandler
 *fill*         0x0000000008002cc6        0x2 
 .text.__libc_init_array
                0x0000000008002cc8       0x48 /opt/gcc-arm-none-eabi-9-2020-q2-update/bin/../lib/gcc/arm-none-eabi/9.3.1/../../../../arm-none-eabi/lib/thumb/v7-m/nofp/libc_nano.a(lib_a-init.o)
                0x0000000008002cc8                __libc_init_array
 .text.memcpy   0x0000000008002d10       0x1c /opt/gcc-arm-none-eabi-9-2020-q2-update/bin/../lib/gcc/arm-none-eabi/9.3.1/../../../../arm-none-eabi/lib/thumb/v7-m/nofp/libc_nano.a(lib_a-memcpy-stub.o)
                0x0000000008002d10                memcpy
 .text.memset   0x0000000008002d2c       0x10 /opt/gcc-arm-none-eabi-9-2020-q2-update/bin/../lib/gcc/arm-none-eabi/9.3.1/../../../../arm-none-eabi/lib/thumb/v7-m/nofp/libc_nano.a(lib_a-memset.o)
                0x0000000008002d2c                memset
 *(.glue_7)
 .glue_7        0x0000000008002d3c        0x0 linker stubs
 *(.glue_7t)
 .glue_7t       0x0000000008002d3c        0x0 linker stubs
 *(.eh_frame)
 .eh_frame      0x0000000008002d3c        0x0 /opt/gcc-arm-none-eabi-9-2020-q2-update/bin/../lib/gcc/arm-none-eabi/9.3.1/thumb/v7-m/nofp/crtbegin.o
 *(.init)
 .init          0x0000000008002d3c        0x4 /opt/gcc-arm-none-eabi-9-2020-q2-update/bin/../lib/gcc/arm-none-eabi/9.3.1/thumb/v7-m/nofp/crti.o
                0x0000000008002d3c                _init
 .init          0x0000000008002d40        0x8 /opt/gcc-arm-none-eabi-9-2020-q2-update/bin/../lib/gcc/arm-none-eabi/9.3.1/thumb/v7-m/nofp/crtn.o
 *(.fini)
 .fini          0x0000000008002d48        0x4 /opt/gcc-arm-none-eabi-9-2020-q2-update/bin/../lib/gcc/arm-none-eabi/9.3.1/thumb/v7-m/nofp/crti.o
                0x0000000008002d48                _fini
 .fini          0x0000000008002d4c        0x8 /opt/gcc-arm-none-eabi-9-2020-q2-update/bin/../lib/gcc/arm-none-eabi/9.3.1/thumb/v7-m/nofp/crtn.o
                0x0000000008002d54                . = ALIGN (0x4)
                0x0000000008002d54                _etext = .

.vfp11_veneer   0x0000000008002d54        0x0
 .vfp11_veneer  0x0000000008002d54        0x0 linker stubs

.v4_bx          0x0000000008002d54        0x0
 .v4_bx         0x0000000008002d54        0x0 linker stubs

.iplt           0x0000000008002d54        0x0
 .iplt          0x0000000008002d54        0x0 /opt/gcc-arm-none-eabi-9-2020-q2-update/bin/../lib/gcc/arm-none-eabi/9.3.1/thumb/v7-m/nofp/crtbegin.o

.rodata         0x0000000008002d54       0x74
                0x0000000008002d54                . = ALIGN (0x4)
 *(.rodata)
 *(.rodata*)
 .rodata.str1.4
                0x0000000008002d54        0xc build/main.o
 .rodata.defaultTask_attributes
                0x0000000008002d60       0x24 build/main.o
                0x0000000008002d60                defaultTask_attributes
 .rodata.aPLLMULFactorTable.5809
                0x0000000008002d84       0x10 build/stm32f1xx_hal_rcc.o
 .rodata.aPredivFactorTable.5810
                0x0000000008002d94        0x2 build/stm32f1xx_hal_rcc.o
 *fill*         0x0000000008002d96        0x2 
 .rodata.AHBPrescTable
                0x0000000008002d98       0x10 build/system_stm32f1xx.o
                0x0000000008002d98                AHBPrescTable
 .rodata.APBPrescTable
                0x0000000008002da8        0x8 build/system_stm32f1xx.o
                0x0000000008002da8                APBPrescTable
 .rodata.vTaskStartScheduler.str1.4
                0x0000000008002db0        0x5 build/tasks.o
 *fill*         0x0000000008002db5        0x3 
 .rodata.prvCheckForValidListAndQueue.str1.4
                0x0000000008002db8        0x5 build/timers.o
 *fill*         0x0000000008002dbd        0x3 
 .rodata.xTimerCreateTimerTask.str1.4
                0x0000000008002dc0        0x8 build/timers.o
                0x0000000008002dc8                . = ALIGN (0x4)

.rel.dyn        0x0000000008002dc8        0x0
 .rel.iplt      0x0000000008002dc8        0x0 /opt/gcc-arm-none-eabi-9-2020-q2-update/bin/../lib/gcc/arm-none-eabi/9.3.1/thumb/v7-m/nofp/crtbegin.o

.ARM.extab
 *(.ARM.extab* .gnu.linkonce.armextab.*)

.ARM            0x0000000008002dc8        0x0
                0x0000000008002dc8                __exidx_start = .
 *(.ARM.exidx*)
                0x0000000008002dc8                __exidx_end = .

.preinit_array  0x0000000008002dc8        0x0
                0x0000000008002dc8                PROVIDE (__preinit_array_start = .)
 *(.preinit_array*)
                0x0000000008002dc8                PROVIDE (__preinit_array_end = .)

.init_array     0x0000000008002dc8        0x4
                0x0000000008002dc8                PROVIDE (__init_array_start = .)
 *(SORT_BY_NAME(.init_array.*))
 *(.init_array*)
 .init_array    0x0000000008002dc8        0x4 /opt/gcc-arm-none-eabi-9-2020-q2-update/bin/../lib/gcc/arm-none-eabi/9.3.1/thumb/v7-m/nofp/crtbegin.o
                0x0000000008002dcc                PROVIDE (__init_array_end = .)

.fini_array     0x0000000008002dcc        0x4
                [!provide]                        PROVIDE (__fini_array_start = .)
 *(SORT_BY_NAME(.fini_array.*))
 *(.fini_array*)
 .fini_array    0x0000000008002dcc        0x4 /opt/gcc-arm-none-eabi-9-2020-q2-update/bin/../lib/gcc/arm-none-eabi/9.3.1/thumb/v7-m/nofp/crtbegin.o
                [!provide]                        PROVIDE (__fini_array_end = .)
                0x0000000008002dd0                _sidata = LOADADDR (.data)

.data           0x0000000020000000       0x10 load address 0x0000000008002dd0
                0x0000000020000000                . = ALIGN (0x4)
                0x0000000020000000                _sdata = .
 *(.data)
 *(.data*)
 .data.uwTickFreq
                0x0000000020000000        0x1 build/stm32f1xx_hal.o
                0x0000000020000000                uwTickFreq
 *fill*         0x0000000020000001        0x3 
 .data.uwTickPrio
                0x0000000020000004        0x4 build/stm32f1xx_hal.o
                0x0000000020000004                uwTickPrio
 .data.SystemCoreClock
                0x0000000020000008        0x4 build/system_stm32f1xx.o
                0x0000000020000008                SystemCoreClock
 .data.uxCriticalNesting
                0x000000002000000c        0x4 build/port.o
                0x0000000020000010                . = ALIGN (0x4)
                0x0000000020000010                _edata = .

.igot.plt       0x0000000020000010        0x0 load address 0x0000000008002de0
 .igot.plt      0x0000000020000010        0x0 /opt/gcc-arm-none-eabi-9-2020-q2-update/bin/../lib/gcc/arm-none-eabi/9.3.1/thumb/v7-m/nofp/crtbegin.o
                0x0000000020000010                . = ALIGN (0x4)

.bss            0x0000000020000010     0x19e0 load address 0x0000000008002de0
                0x0000000020000010                _sbss = .
                0x0000000020000010                __bss_start__ = _sbss
 *(.bss)
 .bss           0x0000000020000010       0x1c /opt/gcc-arm-none-eabi-9-2020-q2-update/bin/../lib/gcc/arm-none-eabi/9.3.1/thumb/v7-m/nofp/crtbegin.o
 *(.bss*)
 .bss.pxCurrentTCB
                0x000000002000002c        0x4 build/tasks.o
                0x000000002000002c                pxCurrentTCB
 .bss.pxDelayedTaskList
                0x0000000020000030        0x4 build/tasks.o
 .bss.pxOverflowDelayedTaskList
                0x0000000020000034        0x4 build/tasks.o
 .bss.pxReadyTasksLists
                0x0000000020000038      0x460 build/tasks.o
 .bss.uxCurrentNumberOfTasks
                0x0000000020000498        0x4 build/tasks.o
 .bss.uxDeletedTasksWaitingCleanUp
                0x000000002000049c        0x4 build/tasks.o
 .bss.uxSchedulerSuspended
                0x00000000200004a0        0x4 build/tasks.o
 .bss.uxTaskNumber
                0x00000000200004a4        0x4 build/tasks.o
 .bss.uxTopReadyPriority
                0x00000000200004a8        0x4 build/tasks.o
 .bss.xDelayedTaskList1
                0x00000000200004ac       0x14 build/tasks.o
 .bss.xDelayedTaskList2
                0x00000000200004c0       0x14 build/tasks.o
 .bss.xNextTaskUnblockTime
                0x00000000200004d4        0x4 build/tasks.o
 .bss.xNumOfOverflows
                0x00000000200004d8        0x4 build/tasks.o
 .bss.xPendedTicks
                0x00000000200004dc        0x4 build/tasks.o
 .bss.xPendingReadyList
                0x00000000200004e0       0x14 build/tasks.o
 .bss.xSchedulerRunning
                0x00000000200004f4        0x4 build/tasks.o
 .bss.xSuspendedTaskList
                0x00000000200004f8       0x14 build/tasks.o
 .bss.xTasksWaitingTermination
                0x000000002000050c       0x14 build/tasks.o
 .bss.xTickCount
                0x0000000020000520        0x4 build/tasks.o
 .bss.xYieldPending
                0x0000000020000524        0x4 build/tasks.o
 .bss.pxCurrentTimerList
                0x0000000020000528        0x4 build/timers.o
 .bss.pxOverflowTimerList
                0x000000002000052c        0x4 build/timers.o
 .bss.ucStaticTimerQueueStorage.5599
                0x0000000020000530       0xa0 build/timers.o
 .bss.xActiveTimerList1
                0x00000000200005d0       0x14 build/timers.o
 .bss.xActiveTimerList2
                0x00000000200005e4       0x14 build/timers.o
 .bss.xLastTime.5548
                0x00000000200005f8        0x4 build/timers.o
 .bss.xStaticTimerQueue.5598
                0x00000000200005fc       0x50 build/timers.o
 .bss.xTimerQueue
                0x000000002000064c        0x4 build/timers.o
 .bss.xTimerTaskHandle
                0x0000000020000650        0x4 build/timers.o
 .bss.Idle_Stack.7627
                0x0000000020000654      0x200 build/cmsis_os2.o
 .bss.Idle_TCB.7626
                0x0000000020000854       0x5c build/cmsis_os2.o
 .bss.KernelState
                0x00000000200008b0        0x4 build/cmsis_os2.o
 .bss.Timer_Stack.7634
                0x00000000200008b4      0x400 build/cmsis_os2.o
 .bss.Timer_TCB.7633
                0x0000000020000cb4       0x5c build/cmsis_os2.o
 .bss.pxEnd     0x0000000020000d10        0x4 build/heap_4.o
 .bss.ucHeap    0x0000000020000d14      0xc00 build/heap_4.o
 .bss.xBlockAllocatedBit
                0x0000000020001914        0x4 build/heap_4.o
 .bss.xFreeBytesRemaining
                0x0000000020001918        0x4 build/heap_4.o
 .bss.xMinimumEverFreeBytesRemaining
                0x000000002000191c        0x4 build/heap_4.o
 .bss.xNumberOfSuccessfulAllocations
                0x0000000020001920        0x4 build/heap_4.o
 .bss.xNumberOfSuccessfulFrees
                0x0000000020001924        0x4 build/heap_4.o
 .bss.xStart    0x0000000020001928        0x8 build/heap_4.o
 .bss.ucMaxSysCallPriority
                0x0000000020001930        0x1 build/port.o
 *fill*         0x0000000020001931        0x3 
 .bss.ulMaxPRIGROUPValue
                0x0000000020001934        0x4 build/port.o
 *(COMMON)
 COMMON         0x0000000020001938       0x74 build/main.o
                0x0000000020001938                defaultTaskHandle
                0x000000002000193c                hcan
                0x0000000020001964                huart1
 COMMON         0x00000000200019ac        0x4 build/stm32f1xx_hal.o
                0x00000000200019ac                uwTick
 COMMON         0x00000000200019b0       0x40 build/queue.o
                0x00000000200019b0                xQueueRegistry
                0x00000000200019f0                . = ALIGN (0x4)
                0x00000000200019f0                _ebss = .
                0x00000000200019f0                __bss_end__ = _ebss

._user_heap_stack
                0x00000000200019f0      0x600 load address 0x0000000008002de0
                0x00000000200019f0                . = ALIGN (0x8)
                [!provide]                        PROVIDE (end = .)
                [!provide]                        PROVIDE (_end = .)
                0x0000000020001bf0                . = (. + _Min_Heap_Size)
 *fill*         0x00000000200019f0      0x200 
                0x0000000020001ff0                . = (. + _Min_Stack_Size)
 *fill*         0x0000000020001bf0      0x400 
                0x0000000020001ff0                . = ALIGN (0x8)

/DISCARD/
 libc.a(*)
 libm.a(*)
 libgcc.a(*)

.ARM.attributes
                0x0000000000000000       0x29
 *(.ARM.attributes)
 .ARM.attributes
                0x0000000000000000       0x1d /opt/gcc-arm-none-eabi-9-2020-q2-update/bin/../lib/gcc/arm-none-eabi/9.3.1/thumb/v7-m/nofp/crti.o
 .ARM.attributes
                0x000000000000001d       0x2d /opt/gcc-arm-none-eabi-9-2020-q2-update/bin/../lib/gcc/arm-none-eabi/9.3.1/thumb/v7-m/nofp/crtbegin.o
 .ARM.attributes
                0x000000000000004a       0x2d build/main.o
 .ARM.attributes
                0x0000000000000077       0x2d build/stm32f1xx_it.o
 .ARM.attributes
                0x00000000000000a4       0x2d build/stm32f1xx_hal_msp.o
 .ARM.attributes
                0x00000000000000d1       0x2d build/stm32f1xx_hal_can.o
 .ARM.attributes
                0x00000000000000fe       0x2d build/stm32f1xx_hal.o
 .ARM.attributes
                0x000000000000012b       0x2d build/stm32f1xx_hal_rcc.o
 .ARM.attributes
                0x0000000000000158       0x2d build/stm32f1xx_hal_gpio.o
 .ARM.attributes
                0x0000000000000185       0x2d build/stm32f1xx_hal_cortex.o
 .ARM.attributes
                0x00000000000001b2       0x2d build/stm32f1xx_hal_uart.o
 .ARM.attributes
                0x00000000000001df       0x2d build/system_stm32f1xx.o
 .ARM.attributes
                0x000000000000020c       0x2d build/list.o
 .ARM.attributes
                0x0000000000000239       0x2d build/queue.o
 .ARM.attributes
                0x0000000000000266       0x2d build/tasks.o
 .ARM.attributes
                0x0000000000000293       0x2d build/timers.o
 .ARM.attributes
                0x00000000000002c0       0x2d build/cmsis_os2.o
 .ARM.attributes
                0x00000000000002ed       0x2d build/heap_4.o
 .ARM.attributes
                0x000000000000031a       0x2d build/port.o
 .ARM.attributes
                0x0000000000000347       0x21 build/startup_stm32f103xb.o
 .ARM.attributes
                0x0000000000000368       0x2d /opt/gcc-arm-none-eabi-9-2020-q2-update/bin/../lib/gcc/arm-none-eabi/9.3.1/../../../../arm-none-eabi/lib/thumb/v7-m/nofp/libc_nano.a(lib_a-init.o)
 .ARM.attributes
                0x0000000000000395       0x2d /opt/gcc-arm-none-eabi-9-2020-q2-update/bin/../lib/gcc/arm-none-eabi/9.3.1/../../../../arm-none-eabi/lib/thumb/v7-m/nofp/libc_nano.a(lib_a-memcpy-stub.o)
 .ARM.attributes
                0x00000000000003c2       0x2d /opt/gcc-arm-none-eabi-9-2020-q2-update/bin/../lib/gcc/arm-none-eabi/9.3.1/../../../../arm-none-eabi/lib/thumb/v7-m/nofp/libc_nano.a(lib_a-memset.o)
 .ARM.attributes
                0x00000000000003ef       0x1d /opt/gcc-arm-none-eabi-9-2020-q2-update/bin/../lib/gcc/arm-none-eabi/9.3.1/thumb/v7-m/nofp/crtn.o
OUTPUT(build/SteeringWheel24A.elf elf32-littlearm)
LOAD linker stubs
LOAD /opt/gcc-arm-none-eabi-9-2020-q2-update/bin/../lib/gcc/arm-none-eabi/9.3.1/../../../../arm-none-eabi/lib/thumb/v7-m/nofp/libc.a
LOAD /opt/gcc-arm-none-eabi-9-2020-q2-update/bin/../lib/gcc/arm-none-eabi/9.3.1/../../../../arm-none-eabi/lib/thumb/v7-m/nofp/libm.a
LOAD /opt/gcc-arm-none-eabi-9-2020-q2-update/bin/../lib/gcc/arm-none-eabi/9.3.1/thumb/v7-m/nofp/libgcc.a

.debug_info     0x0000000000000000    0x1be0f
 .debug_info    0x0000000000000000     0x15c7 build/main.o
 .debug_info    0x00000000000015c7      0x39a build/stm32f1xx_it.o
 .debug_info    0x0000000000001961     0x10d3 build/stm32f1xx_hal_msp.o
 .debug_info    0x0000000000002a34     0x1471 build/stm32f1xx_hal_can.o
 .debug_info    0x0000000000003ea5      0x8e4 build/stm32f1xx_hal.o
 .debug_info    0x0000000000004789      0xb6b build/stm32f1xx_hal_rcc.o
 .debug_info    0x00000000000052f4      0x7d1 build/stm32f1xx_hal_gpio.o
 .debug_info    0x0000000000005ac5      0xef7 build/stm32f1xx_hal_cortex.o
 .debug_info    0x00000000000069bc     0x4381 build/stm32f1xx_hal_uart.o
 .debug_info    0x000000000000ad3d      0x2f7 build/system_stm32f1xx.o
 .debug_info    0x000000000000b034      0xca4 build/list.o
 .debug_info    0x000000000000bcd8     0x32e2 build/queue.o
 .debug_info    0x000000000000efba     0x3cb0 build/tasks.o
 .debug_info    0x0000000000012c6a     0x2547 build/timers.o
 .debug_info    0x00000000000151b1     0x5724 build/cmsis_os2.o
 .debug_info    0x000000000001a8d5      0xfaf build/heap_4.o
 .debug_info    0x000000000001b884      0x569 build/port.o
 .debug_info    0x000000000001bded       0x22 build/startup_stm32f103xb.o

.debug_abbrev   0x0000000000000000     0x32d9
 .debug_abbrev  0x0000000000000000      0x317 build/main.o
 .debug_abbrev  0x0000000000000317      0x12a build/stm32f1xx_it.o
 .debug_abbrev  0x0000000000000441      0x203 build/stm32f1xx_hal_msp.o
 .debug_abbrev  0x0000000000000644      0x27c build/stm32f1xx_hal_can.o
 .debug_abbrev  0x00000000000008c0      0x21c build/stm32f1xx_hal.o
 .debug_abbrev  0x0000000000000adc      0x2cb build/stm32f1xx_hal_rcc.o
 .debug_abbrev  0x0000000000000da7      0x24f build/stm32f1xx_hal_gpio.o
 .debug_abbrev  0x0000000000000ff6      0x37f build/stm32f1xx_hal_cortex.o
 .debug_abbrev  0x0000000000001375      0x36c build/stm32f1xx_hal_uart.o
 .debug_abbrev  0x00000000000016e1      0x153 build/system_stm32f1xx.o
 .debug_abbrev  0x0000000000001834      0x245 build/list.o
 .debug_abbrev  0x0000000000001a79      0x44c build/queue.o
 .debug_abbrev  0x0000000000001ec5      0x464 build/tasks.o
 .debug_abbrev  0x0000000000002329      0x3de build/timers.o
 .debug_abbrev  0x0000000000002707      0x5a2 build/cmsis_os2.o
 .debug_abbrev  0x0000000000002ca9      0x381 build/heap_4.o
 .debug_abbrev  0x000000000000302a      0x29d build/port.o
 .debug_abbrev  0x00000000000032c7       0x12 build/startup_stm32f103xb.o

.debug_loc      0x0000000000000000    0x13d89
 .debug_loc     0x0000000000000000      0x123 build/main.o
 .debug_loc     0x0000000000000123       0xc0 build/stm32f1xx_it.o
 .debug_loc     0x00000000000001e3      0x21d build/stm32f1xx_hal_msp.o
 .debug_loc     0x0000000000000400      0xee0 build/stm32f1xx_hal_can.o
 .debug_loc     0x00000000000012e0      0x1e1 build/stm32f1xx_hal.o
 .debug_loc     0x00000000000014c1      0x75f build/stm32f1xx_hal_rcc.o
 .debug_loc     0x0000000000001c20      0x548 build/stm32f1xx_hal_gpio.o
 .debug_loc     0x0000000000002168      0x7af build/stm32f1xx_hal_cortex.o
 .debug_loc     0x0000000000002917     0x4d23 build/stm32f1xx_hal_uart.o
 .debug_loc     0x000000000000763a       0xff build/system_stm32f1xx.o
 .debug_loc     0x0000000000007739       0xe5 build/list.o
 .debug_loc     0x000000000000781e     0x1fdf build/queue.o
 .debug_loc     0x00000000000097fd     0x2cf6 build/tasks.o
 .debug_loc     0x000000000000c4f3     0x1502 build/timers.o
 .debug_loc     0x000000000000d9f5     0x5d50 build/cmsis_os2.o
 .debug_loc     0x0000000000013745      0x4d8 build/heap_4.o
 .debug_loc     0x0000000000013c1d      0x16c build/port.o

.debug_aranges  0x0000000000000000      0xef0
 .debug_aranges
                0x0000000000000000       0x58 build/main.o
 .debug_aranges
                0x0000000000000058       0x78 build/stm32f1xx_it.o
 .debug_aranges
                0x00000000000000d0       0x40 build/stm32f1xx_hal_msp.o
 .debug_aranges
                0x0000000000000110      0x138 build/stm32f1xx_hal_can.o
 .debug_aranges
                0x0000000000000248       0xe0 build/stm32f1xx_hal.o
 .debug_aranges
                0x0000000000000328       0x90 build/stm32f1xx_hal_rcc.o
 .debug_aranges
                0x00000000000003b8       0x58 build/stm32f1xx_hal_gpio.o
 .debug_aranges
                0x0000000000000410       0x90 build/stm32f1xx_hal_cortex.o
 .debug_aranges
                0x00000000000004a0      0x208 build/stm32f1xx_hal_uart.o
 .debug_aranges
                0x00000000000006a8       0x28 build/system_stm32f1xx.o
 .debug_aranges
                0x00000000000006d0       0x40 build/list.o
 .debug_aranges
                0x0000000000000710      0x158 build/queue.o
 .debug_aranges
                0x0000000000000868      0x208 build/tasks.o
 .debug_aranges
                0x0000000000000a70       0xf0 build/timers.o
 .debug_aranges
                0x0000000000000b60      0x298 build/cmsis_os2.o
 .debug_aranges
                0x0000000000000df8       0x58 build/heap_4.o
 .debug_aranges
                0x0000000000000e50       0x78 build/port.o
 .debug_aranges
                0x0000000000000ec8       0x28 build/startup_stm32f103xb.o

.debug_ranges   0x0000000000000000     0x1098
 .debug_ranges  0x0000000000000000       0x48 build/main.o
 .debug_ranges  0x0000000000000048       0x68 build/stm32f1xx_it.o
 .debug_ranges  0x00000000000000b0       0x30 build/stm32f1xx_hal_msp.o
 .debug_ranges  0x00000000000000e0      0x128 build/stm32f1xx_hal_can.o
 .debug_ranges  0x0000000000000208       0xd0 build/stm32f1xx_hal.o
 .debug_ranges  0x00000000000002d8       0xa0 build/stm32f1xx_hal_rcc.o
 .debug_ranges  0x0000000000000378       0x48 build/stm32f1xx_hal_gpio.o
 .debug_ranges  0x00000000000003c0       0xe0 build/stm32f1xx_hal_cortex.o
 .debug_ranges  0x00000000000004a0      0x210 build/stm32f1xx_hal_uart.o
 .debug_ranges  0x00000000000006b0       0x18 build/system_stm32f1xx.o
 .debug_ranges  0x00000000000006c8       0x30 build/list.o
 .debug_ranges  0x00000000000006f8      0x218 build/queue.o
 .debug_ranges  0x0000000000000910      0x338 build/tasks.o
 .debug_ranges  0x0000000000000c48       0xe0 build/timers.o
 .debug_ranges  0x0000000000000d28      0x2a0 build/cmsis_os2.o
 .debug_ranges  0x0000000000000fc8       0x48 build/heap_4.o
 .debug_ranges  0x0000000000001010       0x68 build/port.o
 .debug_ranges  0x0000000000001078       0x20 build/startup_stm32f103xb.o

.debug_line     0x0000000000000000    0x11a25
 .debug_line    0x0000000000000000      0x51c build/main.o
 .debug_line    0x000000000000051c      0x3ac build/stm32f1xx_it.o
 .debug_line    0x00000000000008c8      0x3a4 build/stm32f1xx_hal_msp.o
 .debug_line    0x0000000000000c6c     0x10f8 build/stm32f1xx_hal_can.o
 .debug_line    0x0000000000001d64      0x4fc build/stm32f1xx_hal.o
 .debug_line    0x0000000000002260      0xc0b build/stm32f1xx_hal_rcc.o
 .debug_line    0x0000000000002e6b      0x601 build/stm32f1xx_hal_gpio.o
 .debug_line    0x000000000000346c      0x652 build/stm32f1xx_hal_cortex.o
 .debug_line    0x0000000000003abe     0x4287 build/stm32f1xx_hal_uart.o
 .debug_line    0x0000000000007d45      0x26c build/system_stm32f1xx.o
 .debug_line    0x0000000000007fb1      0x422 build/list.o
 .debug_line    0x00000000000083d3     0x20a7 build/queue.o
 .debug_line    0x000000000000a47a     0x2dc2 build/tasks.o
 .debug_line    0x000000000000d23c      0xf86 build/timers.o
 .debug_line    0x000000000000e1c2     0x2a84 build/cmsis_os2.o
 .debug_line    0x0000000000010c46      0x77d build/heap_4.o
 .debug_line    0x00000000000113c3      0x5ee build/port.o
 .debug_line    0x00000000000119b1       0x74 build/startup_stm32f103xb.o

.debug_str      0x0000000000000000     0x5b2c
 .debug_str     0x0000000000000000     0x1284 build/main.o
                                       0x133a (size before relaxing)
 .debug_str     0x0000000000001284      0x134 build/stm32f1xx_it.o
                                        0x39a (size before relaxing)
 .debug_str     0x00000000000013b8       0xa9 build/stm32f1xx_hal_msp.o
                                        0xcbc (size before relaxing)
 .debug_str     0x0000000000001461      0x56f build/stm32f1xx_hal_can.o
                                        0xad0 (size before relaxing)
 .debug_str     0x00000000000019d0      0x262 build/stm32f1xx_hal.o
                                        0x853 (size before relaxing)
 .debug_str     0x0000000000001c32      0x1e2 build/stm32f1xx_hal_rcc.o
                                        0x6a2 (size before relaxing)
 .debug_str     0x0000000000001e14      0x10c build/stm32f1xx_hal_gpio.o
                                        0x4c0 (size before relaxing)
 .debug_str     0x0000000000001f20      0x374 build/stm32f1xx_hal_cortex.o
                                        0x96f (size before relaxing)
 .debug_str     0x0000000000002294      0x65f build/stm32f1xx_hal_uart.o
                                        0xda2 (size before relaxing)
 .debug_str     0x00000000000028f3       0x4f build/system_stm32f1xx.o
                                        0x2d6 (size before relaxing)
 .debug_str     0x0000000000002942      0x508 build/list.o
                                        0x6cd (size before relaxing)
 .debug_str     0x0000000000002e4a      0xa13 build/queue.o
                                       0x10e3 (size before relaxing)
 .debug_str     0x000000000000385d      0xc9c build/tasks.o
                                       0x16b2 (size before relaxing)
 .debug_str     0x00000000000044f9      0x5cf build/timers.o
                                       0x1013 (size before relaxing)
 .debug_str     0x0000000000004ac8      0xc14 build/cmsis_os2.o
                                       0x2372 (size before relaxing)
 .debug_str     0x00000000000056dc      0x2bf build/heap_4.o
                                        0x8db (size before relaxing)
 .debug_str     0x000000000000599b      0x16d build/port.o
                                        0x447 (size before relaxing)
 .debug_str     0x0000000000005b08       0x24 build/startup_stm32f103xb.o
                                         0x56 (size before relaxing)

.comment        0x0000000000000000       0x4c
 .comment       0x0000000000000000       0x4c build/main.o
                                         0x4d (size before relaxing)
 .comment       0x000000000000004c       0x4d build/stm32f1xx_it.o
 .comment       0x000000000000004c       0x4d build/stm32f1xx_hal_msp.o
 .comment       0x000000000000004c       0x4d build/stm32f1xx_hal_can.o
 .comment       0x000000000000004c       0x4d build/stm32f1xx_hal.o
 .comment       0x000000000000004c       0x4d build/stm32f1xx_hal_rcc.o
 .comment       0x000000000000004c       0x4d build/stm32f1xx_hal_gpio.o
 .comment       0x000000000000004c       0x4d build/stm32f1xx_hal_cortex.o
 .comment       0x000000000000004c       0x4d build/stm32f1xx_hal_uart.o
 .comment       0x000000000000004c       0x4d build/system_stm32f1xx.o
 .comment       0x000000000000004c       0x4d build/list.o
 .comment       0x000000000000004c       0x4d build/queue.o
 .comment       0x000000000000004c       0x4d build/tasks.o
 .comment       0x000000000000004c       0x4d build/timers.o
 .comment       0x000000000000004c       0x4d build/cmsis_os2.o
 .comment       0x000000000000004c       0x4d build/heap_4.o
 .comment       0x000000000000004c       0x4d build/port.o

.debug_frame    0x0000000000000000     0x2a40
 .debug_frame   0x0000000000000000       0xd0 build/main.o
 .debug_frame   0x00000000000000d0      0x100 build/stm32f1xx_it.o
 .debug_frame   0x00000000000001d0       0x9c build/stm32f1xx_hal_msp.o
 .debug_frame   0x000000000000026c      0x2dc build/stm32f1xx_hal_can.o
 .debug_frame   0x0000000000000548      0x1cc build/stm32f1xx_hal.o
 .debug_frame   0x0000000000000714      0x184 build/stm32f1xx_hal_rcc.o
 .debug_frame   0x0000000000000898       0xe8 build/stm32f1xx_hal_gpio.o
 .debug_frame   0x0000000000000980      0x12c build/stm32f1xx_hal_cortex.o
 .debug_frame   0x0000000000000aac      0x5e0 build/stm32f1xx_hal_uart.o
 .debug_frame   0x000000000000108c       0x30 build/system_stm32f1xx.o
 .debug_frame   0x00000000000010bc       0x70 build/list.o
 .debug_frame   0x000000000000112c      0x458 build/queue.o
 .debug_frame   0x0000000000001584      0x67c build/tasks.o
 .debug_frame   0x0000000000001c00      0x314 build/timers.o
 .debug_frame   0x0000000000001f14      0x8fc build/cmsis_os2.o
 .debug_frame   0x0000000000002810       0xcc build/heap_4.o
 .debug_frame   0x00000000000028dc       0xf0 build/port.o
 .debug_frame   0x00000000000029cc       0x2c /opt/gcc-arm-none-eabi-9-2020-q2-update/bin/../lib/gcc/arm-none-eabi/9.3.1/../../../../arm-none-eabi/lib/thumb/v7-m/nofp/libc_nano.a(lib_a-init.o)
 .debug_frame   0x00000000000029f8       0x28 /opt/gcc-arm-none-eabi-9-2020-q2-update/bin/../lib/gcc/arm-none-eabi/9.3.1/../../../../arm-none-eabi/lib/thumb/v7-m/nofp/libc_nano.a(lib_a-memcpy-stub.o)
 .debug_frame   0x0000000000002a20       0x20 /opt/gcc-arm-none-eabi-9-2020-q2-update/bin/../lib/gcc/arm-none-eabi/9.3.1/../../../../arm-none-eabi/lib/thumb/v7-m/nofp/libc_nano.a(lib_a-memset.o)

Cross Reference Table

Symbol                                            File
ADC1_2_IRQHandler                                 build/startup_stm32f103xb.o
AHBPrescTable                                     build/system_stm32f1xx.o
                                                  build/stm32f1xx_hal_rcc.o
APBPrescTable                                     build/system_stm32f1xx.o
                                                  build/stm32f1xx_hal_rcc.o
BusFault_Handler                                  build/stm32f1xx_it.o
CAN1_RX1_IRQHandler                               build/startup_stm32f103xb.o
CAN1_SCE_IRQHandler                               build/startup_stm32f103xb.o
DMA1_Channel1_IRQHandler                          build/startup_stm32f103xb.o
DMA1_Channel2_IRQHandler                          build/startup_stm32f103xb.o
DMA1_Channel3_IRQHandler                          build/startup_stm32f103xb.o
DMA1_Channel4_IRQHandler                          build/startup_stm32f103xb.o
DMA1_Channel5_IRQHandler                          build/startup_stm32f103xb.o
DMA1_Channel6_IRQHandler                          build/startup_stm32f103xb.o
DMA1_Channel7_IRQHandler                          build/startup_stm32f103xb.o
DebugMon_Handler                                  build/stm32f1xx_it.o
Default_Handler                                   build/startup_stm32f103xb.o
EXTI0_IRQHandler                                  build/startup_stm32f103xb.o
EXTI15_10_IRQHandler                              build/startup_stm32f103xb.o
EXTI1_IRQHandler                                  build/stm32f1xx_it.o
EXTI2_IRQHandler                                  build/stm32f1xx_it.o
EXTI3_IRQHandler                                  build/stm32f1xx_it.o
EXTI4_IRQHandler                                  build/stm32f1xx_it.o
EXTI9_5_IRQHandler                                build/stm32f1xx_it.o
Error_Handler                                     build/main.o
FLASH_IRQHandler                                  build/startup_stm32f103xb.o
FLASH_PageErase                                   build/stm32f1xx_hal_flash_ex.o
                                                  build/stm32f1xx_hal_flash.o
FLASH_WaitForLastOperation                        build/stm32f1xx_hal_flash.o
                                                  build/stm32f1xx_hal_flash_ex.o
HAL_CAN_AbortTxRequest                            build/stm32f1xx_hal_can.o
HAL_CAN_ActivateNotification                      build/stm32f1xx_hal_can.o
HAL_CAN_AddTxMessage                              build/stm32f1xx_hal_can.o
HAL_CAN_ConfigFilter                              build/stm32f1xx_hal_can.o
HAL_CAN_DeInit                                    build/stm32f1xx_hal_can.o
HAL_CAN_DeactivateNotification                    build/stm32f1xx_hal_can.o
HAL_CAN_ErrorCallback                             build/stm32f1xx_hal_can.o
HAL_CAN_GetError                                  build/stm32f1xx_hal_can.o
HAL_CAN_GetRxFifoFillLevel                        build/stm32f1xx_hal_can.o
HAL_CAN_GetRxMessage                              build/stm32f1xx_hal_can.o
HAL_CAN_GetState                                  build/stm32f1xx_hal_can.o
HAL_CAN_GetTxMailboxesFreeLevel                   build/stm32f1xx_hal_can.o
HAL_CAN_GetTxTimestamp                            build/stm32f1xx_hal_can.o
HAL_CAN_IRQHandler                                build/stm32f1xx_hal_can.o
HAL_CAN_Init                                      build/stm32f1xx_hal_can.o
                                                  build/main.o
HAL_CAN_IsSleepActive                             build/stm32f1xx_hal_can.o
HAL_CAN_IsTxMessagePending                        build/stm32f1xx_hal_can.o
HAL_CAN_MspDeInit                                 build/stm32f1xx_hal_msp.o
HAL_CAN_MspInit                                   build/stm32f1xx_hal_msp.o
HAL_CAN_RequestSleep                              build/stm32f1xx_hal_can.o
HAL_CAN_ResetError                                build/stm32f1xx_hal_can.o
HAL_CAN_RxFifo0FullCallback                       build/stm32f1xx_hal_can.o
HAL_CAN_RxFifo0MsgPendingCallback                 build/stm32f1xx_hal_can.o
HAL_CAN_RxFifo1FullCallback                       build/stm32f1xx_hal_can.o
HAL_CAN_RxFifo1MsgPendingCallback                 build/stm32f1xx_hal_can.o
HAL_CAN_SleepCallback                             build/stm32f1xx_hal_can.o
HAL_CAN_Start                                     build/stm32f1xx_hal_can.o
HAL_CAN_Stop                                      build/stm32f1xx_hal_can.o
HAL_CAN_TxMailbox0AbortCallback                   build/stm32f1xx_hal_can.o
HAL_CAN_TxMailbox0CompleteCallback                build/stm32f1xx_hal_can.o
HAL_CAN_TxMailbox1AbortCallback                   build/stm32f1xx_hal_can.o
HAL_CAN_TxMailbox1CompleteCallback                build/stm32f1xx_hal_can.o
HAL_CAN_TxMailbox2AbortCallback                   build/stm32f1xx_hal_can.o
HAL_CAN_TxMailbox2CompleteCallback                build/stm32f1xx_hal_can.o
HAL_CAN_WakeUp                                    build/stm32f1xx_hal_can.o
HAL_CAN_WakeUpFromRxMsgCallback                   build/stm32f1xx_hal_can.o
HAL_DBGMCU_DisableDBGSleepMode                    build/stm32f1xx_hal.o
HAL_DBGMCU_DisableDBGStandbyMode                  build/stm32f1xx_hal.o
HAL_DBGMCU_DisableDBGStopMode                     build/stm32f1xx_hal.o
HAL_DBGMCU_EnableDBGSleepMode                     build/stm32f1xx_hal.o
HAL_DBGMCU_EnableDBGStandbyMode                   build/stm32f1xx_hal.o
HAL_DBGMCU_EnableDBGStopMode                      build/stm32f1xx_hal.o
HAL_DMA_Abort                                     build/stm32f1xx_hal_dma.o
                                                  build/stm32f1xx_hal_uart.o
HAL_DMA_Abort_IT                                  build/stm32f1xx_hal_dma.o
                                                  build/stm32f1xx_hal_uart.o
HAL_DMA_DeInit                                    build/stm32f1xx_hal_dma.o
HAL_DMA_GetError                                  build/stm32f1xx_hal_dma.o
                                                  build/stm32f1xx_hal_uart.o
HAL_DMA_GetState                                  build/stm32f1xx_hal_dma.o
HAL_DMA_IRQHandler                                build/stm32f1xx_hal_dma.o
HAL_DMA_Init                                      build/stm32f1xx_hal_dma.o
HAL_DMA_PollForTransfer                           build/stm32f1xx_hal_dma.o
HAL_DMA_RegisterCallback                          build/stm32f1xx_hal_dma.o
HAL_DMA_Start                                     build/stm32f1xx_hal_dma.o
HAL_DMA_Start_IT                                  build/stm32f1xx_hal_dma.o
                                                  build/stm32f1xx_hal_uart.o
HAL_DMA_UnRegisterCallback                        build/stm32f1xx_hal_dma.o
HAL_DeInit                                        build/stm32f1xx_hal.o
HAL_Delay                                         build/stm32f1xx_hal.o
HAL_EXTI_ClearConfigLine                          build/stm32f1xx_hal_exti.o
HAL_EXTI_ClearPending                             build/stm32f1xx_hal_exti.o
HAL_EXTI_GenerateSWI                              build/stm32f1xx_hal_exti.o
HAL_EXTI_GetConfigLine                            build/stm32f1xx_hal_exti.o
HAL_EXTI_GetHandle                                build/stm32f1xx_hal_exti.o
HAL_EXTI_GetPending                               build/stm32f1xx_hal_exti.o
HAL_EXTI_IRQHandler                               build/stm32f1xx_hal_exti.o
HAL_EXTI_RegisterCallback                         build/stm32f1xx_hal_exti.o
HAL_EXTI_SetConfigLine                            build/stm32f1xx_hal_exti.o
HAL_FLASHEx_Erase                                 build/stm32f1xx_hal_flash_ex.o
HAL_FLASHEx_Erase_IT                              build/stm32f1xx_hal_flash_ex.o
HAL_FLASHEx_OBErase                               build/stm32f1xx_hal_flash_ex.o
HAL_FLASHEx_OBGetConfig                           build/stm32f1xx_hal_flash_ex.o
HAL_FLASHEx_OBGetUserData                         build/stm32f1xx_hal_flash_ex.o
HAL_FLASHEx_OBProgram                             build/stm32f1xx_hal_flash_ex.o
HAL_FLASH_EndOfOperationCallback                  build/stm32f1xx_hal_flash.o
HAL_FLASH_GetError                                build/stm32f1xx_hal_flash.o
HAL_FLASH_IRQHandler                              build/stm32f1xx_hal_flash.o
HAL_FLASH_Lock                                    build/stm32f1xx_hal_flash.o
HAL_FLASH_OB_Launch                               build/stm32f1xx_hal_flash.o
HAL_FLASH_OB_Lock                                 build/stm32f1xx_hal_flash.o
HAL_FLASH_OB_Unlock                               build/stm32f1xx_hal_flash.o
HAL_FLASH_OperationErrorCallback                  build/stm32f1xx_hal_flash.o
HAL_FLASH_Program                                 build/stm32f1xx_hal_flash.o
HAL_FLASH_Program_IT                              build/stm32f1xx_hal_flash.o
HAL_FLASH_Unlock                                  build/stm32f1xx_hal_flash.o
HAL_GPIOEx_ConfigEventout                         build/stm32f1xx_hal_gpio_ex.o
HAL_GPIOEx_DisableEventout                        build/stm32f1xx_hal_gpio_ex.o
HAL_GPIOEx_EnableEventout                         build/stm32f1xx_hal_gpio_ex.o
HAL_GPIO_DeInit                                   build/stm32f1xx_hal_gpio.o
                                                  build/stm32f1xx_hal_msp.o
HAL_GPIO_EXTI_Callback                            build/main.o
HAL_GPIO_EXTI_IRQHandler                          build/stm32f1xx_hal_gpio.o
                                                  build/stm32f1xx_it.o
HAL_GPIO_Init                                     build/stm32f1xx_hal_gpio.o
                                                  build/stm32f1xx_hal_rcc.o
                                                  build/stm32f1xx_hal_msp.o
                                                  build/main.o
HAL_GPIO_LockPin                                  build/stm32f1xx_hal_gpio.o
HAL_GPIO_ReadPin                                  build/stm32f1xx_hal_gpio.o
HAL_GPIO_TogglePin                                build/stm32f1xx_hal_gpio.o
HAL_GPIO_WritePin                                 build/stm32f1xx_hal_gpio.o
HAL_GetDEVID                                      build/stm32f1xx_hal.o
HAL_GetHalVersion                                 build/stm32f1xx_hal.o
HAL_GetREVID                                      build/stm32f1xx_hal.o
HAL_GetTick                                       build/stm32f1xx_hal.o
                                                  build/stm32f1xx_hal_uart.o
                                                  build/stm32f1xx_hal_flash.o
                                                  build/stm32f1xx_hal_dma.o
                                                  build/stm32f1xx_hal_rcc_ex.o
                                                  build/stm32f1xx_hal_rcc.o
                                                  build/stm32f1xx_hal_can.o
HAL_GetTickFreq                                   build/stm32f1xx_hal.o
HAL_GetTickPrio                                   build/stm32f1xx_hal.o
HAL_GetUIDw0                                      build/stm32f1xx_hal.o
HAL_GetUIDw1                                      build/stm32f1xx_hal.o
HAL_GetUIDw2                                      build/stm32f1xx_hal.o
HAL_HalfDuplex_EnableReceiver                     build/stm32f1xx_hal_uart.o
HAL_HalfDuplex_EnableTransmitter                  build/stm32f1xx_hal_uart.o
HAL_HalfDuplex_Init                               build/stm32f1xx_hal_uart.o
HAL_IncTick                                       build/stm32f1xx_hal.o
                                                  build/stm32f1xx_it.o
HAL_Init                                          build/stm32f1xx_hal.o
                                                  build/main.o
HAL_InitTick                                      build/stm32f1xx_hal.o
                                                  build/stm32f1xx_hal_rcc.o
HAL_LIN_Init                                      build/stm32f1xx_hal_uart.o
HAL_LIN_SendBreak                                 build/stm32f1xx_hal_uart.o
HAL_MspDeInit                                     build/stm32f1xx_hal.o
HAL_MspInit                                       build/stm32f1xx_hal_msp.o
HAL_MultiProcessor_EnterMuteMode                  build/stm32f1xx_hal_uart.o
HAL_MultiProcessor_ExitMuteMode                   build/stm32f1xx_hal_uart.o
HAL_MultiProcessor_Init                           build/stm32f1xx_hal_uart.o
HAL_NVIC_ClearPendingIRQ                          build/stm32f1xx_hal_cortex.o
HAL_NVIC_DisableIRQ                               build/stm32f1xx_hal_cortex.o
HAL_NVIC_EnableIRQ                                build/stm32f1xx_hal_cortex.o
                                                  build/main.o
HAL_NVIC_GetActive                                build/stm32f1xx_hal_cortex.o
HAL_NVIC_GetPendingIRQ                            build/stm32f1xx_hal_cortex.o
HAL_NVIC_GetPriority                              build/stm32f1xx_hal_cortex.o
HAL_NVIC_GetPriorityGrouping                      build/stm32f1xx_hal_cortex.o
HAL_NVIC_SetPendingIRQ                            build/stm32f1xx_hal_cortex.o
HAL_NVIC_SetPriority                              build/stm32f1xx_hal_cortex.o
                                                  build/stm32f1xx_hal.o
                                                  build/stm32f1xx_hal_msp.o
                                                  build/main.o
HAL_NVIC_SetPriorityGrouping                      build/stm32f1xx_hal_cortex.o
                                                  build/stm32f1xx_hal.o
HAL_NVIC_SystemReset                              build/stm32f1xx_hal_cortex.o
                                                  build/stm32f1xx_hal_flash.o
HAL_PWR_ConfigPVD                                 build/stm32f1xx_hal_pwr.o
HAL_PWR_DeInit                                    build/stm32f1xx_hal_pwr.o
HAL_PWR_DisableBkUpAccess                         build/stm32f1xx_hal_pwr.o
HAL_PWR_DisablePVD                                build/stm32f1xx_hal_pwr.o
HAL_PWR_DisableSEVOnPend                          build/stm32f1xx_hal_pwr.o
HAL_PWR_DisableSleepOnExit                        build/stm32f1xx_hal_pwr.o
HAL_PWR_DisableWakeUpPin                          build/stm32f1xx_hal_pwr.o
HAL_PWR_EnableBkUpAccess                          build/stm32f1xx_hal_pwr.o
HAL_PWR_EnablePVD                                 build/stm32f1xx_hal_pwr.o
HAL_PWR_EnableSEVOnPend                           build/stm32f1xx_hal_pwr.o
HAL_PWR_EnableSleepOnExit                         build/stm32f1xx_hal_pwr.o
HAL_PWR_EnableWakeUpPin                           build/stm32f1xx_hal_pwr.o
HAL_PWR_EnterSLEEPMode                            build/stm32f1xx_hal_pwr.o
HAL_PWR_EnterSTANDBYMode                          build/stm32f1xx_hal_pwr.o
HAL_PWR_EnterSTOPMode                             build/stm32f1xx_hal_pwr.o
HAL_PWR_PVDCallback                               build/stm32f1xx_hal_pwr.o
HAL_PWR_PVD_IRQHandler                            build/stm32f1xx_hal_pwr.o
HAL_RCCEx_GetPeriphCLKConfig                      build/stm32f1xx_hal_rcc_ex.o
HAL_RCCEx_GetPeriphCLKFreq                        build/stm32f1xx_hal_rcc_ex.o
HAL_RCCEx_PeriphCLKConfig                         build/stm32f1xx_hal_rcc_ex.o
HAL_RCC_CSSCallback                               build/stm32f1xx_hal_rcc.o
HAL_RCC_ClockConfig                               build/stm32f1xx_hal_rcc.o
                                                  build/main.o
HAL_RCC_DeInit                                    build/stm32f1xx_hal_rcc.o
HAL_RCC_DisableCSS                                build/stm32f1xx_hal_rcc.o
HAL_RCC_EnableCSS                                 build/stm32f1xx_hal_rcc.o
HAL_RCC_GetClockConfig                            build/stm32f1xx_hal_rcc.o
HAL_RCC_GetHCLKFreq                               build/stm32f1xx_hal_rcc.o
HAL_RCC_GetOscConfig                              build/stm32f1xx_hal_rcc.o
HAL_RCC_GetPCLK1Freq                              build/stm32f1xx_hal_rcc.o
                                                  build/stm32f1xx_hal_uart.o
HAL_RCC_GetPCLK2Freq                              build/stm32f1xx_hal_rcc.o
                                                  build/stm32f1xx_hal_uart.o
                                                  build/stm32f1xx_hal_rcc_ex.o
HAL_RCC_GetSysClockFreq                           build/stm32f1xx_hal_rcc.o
HAL_RCC_MCOConfig                                 build/stm32f1xx_hal_rcc.o
HAL_RCC_NMI_IRQHandler                            build/stm32f1xx_hal_rcc.o
HAL_RCC_OscConfig                                 build/stm32f1xx_hal_rcc.o
                                                  build/main.o
HAL_ResumeTick                                    build/stm32f1xx_hal.o
HAL_SYSTICK_CLKSourceConfig                       build/stm32f1xx_hal_cortex.o
HAL_SYSTICK_Callback                              build/stm32f1xx_hal_cortex.o
HAL_SYSTICK_Config                                build/stm32f1xx_hal_cortex.o
                                                  build/stm32f1xx_hal.o
HAL_SYSTICK_IRQHandler                            build/stm32f1xx_hal_cortex.o
HAL_SetTickFreq                                   build/stm32f1xx_hal.o
HAL_SuspendTick                                   build/stm32f1xx_hal.o
HAL_UARTEx_GetRxEventType                         build/stm32f1xx_hal_uart.o
HAL_UARTEx_ReceiveToIdle                          build/stm32f1xx_hal_uart.o
HAL_UARTEx_ReceiveToIdle_DMA                      build/stm32f1xx_hal_uart.o
HAL_UARTEx_ReceiveToIdle_IT                       build/stm32f1xx_hal_uart.o
HAL_UARTEx_RxEventCallback                        build/stm32f1xx_hal_uart.o
HAL_UART_Abort                                    build/stm32f1xx_hal_uart.o
HAL_UART_AbortCpltCallback                        build/stm32f1xx_hal_uart.o
HAL_UART_AbortReceive                             build/stm32f1xx_hal_uart.o
HAL_UART_AbortReceiveCpltCallback                 build/stm32f1xx_hal_uart.o
HAL_UART_AbortReceive_IT                          build/stm32f1xx_hal_uart.o
HAL_UART_AbortTransmit                            build/stm32f1xx_hal_uart.o
HAL_UART_AbortTransmitCpltCallback                build/stm32f1xx_hal_uart.o
HAL_UART_AbortTransmit_IT                         build/stm32f1xx_hal_uart.o
HAL_UART_Abort_IT                                 build/stm32f1xx_hal_uart.o
HAL_UART_DMAPause                                 build/stm32f1xx_hal_uart.o
HAL_UART_DMAResume                                build/stm32f1xx_hal_uart.o
HAL_UART_DMAStop                                  build/stm32f1xx_hal_uart.o
HAL_UART_DeInit                                   build/stm32f1xx_hal_uart.o
HAL_UART_ErrorCallback                            build/stm32f1xx_hal_uart.o
HAL_UART_GetError                                 build/stm32f1xx_hal_uart.o
HAL_UART_GetState                                 build/stm32f1xx_hal_uart.o
HAL_UART_IRQHandler                               build/stm32f1xx_hal_uart.o
HAL_UART_Init                                     build/stm32f1xx_hal_uart.o
                                                  build/main.o
HAL_UART_MspDeInit                                build/stm32f1xx_hal_msp.o
HAL_UART_MspInit                                  build/stm32f1xx_hal_msp.o
HAL_UART_Receive                                  build/stm32f1xx_hal_uart.o
HAL_UART_Receive_DMA                              build/stm32f1xx_hal_uart.o
HAL_UART_Receive_IT                               build/stm32f1xx_hal_uart.o
HAL_UART_RxCpltCallback                           build/stm32f1xx_hal_uart.o
HAL_UART_RxHalfCpltCallback                       build/stm32f1xx_hal_uart.o
HAL_UART_Transmit                                 build/stm32f1xx_hal_uart.o
HAL_UART_Transmit_DMA                             build/stm32f1xx_hal_uart.o
HAL_UART_Transmit_IT                              build/stm32f1xx_hal_uart.o
HAL_UART_TxCpltCallback                           build/stm32f1xx_hal_uart.o
HAL_UART_TxHalfCpltCallback                       build/stm32f1xx_hal_uart.o
HardFault_Handler                                 build/stm32f1xx_it.o
I2C1_ER_IRQHandler                                build/startup_stm32f103xb.o
I2C1_EV_IRQHandler                                build/startup_stm32f103xb.o
I2C2_ER_IRQHandler                                build/startup_stm32f103xb.o
I2C2_EV_IRQHandler                                build/startup_stm32f103xb.o
MemManage_Handler                                 build/stm32f1xx_it.o
NMI_Handler                                       build/stm32f1xx_it.o
PVD_IRQHandler                                    build/startup_stm32f103xb.o
PendSV_Handler                                    build/port.o
RCC_IRQHandler                                    build/startup_stm32f103xb.o
RTC_Alarm_IRQHandler                              build/startup_stm32f103xb.o
RTC_IRQHandler                                    build/startup_stm32f103xb.o
Reset_Handler                                     build/startup_stm32f103xb.o
SPI1_IRQHandler                                   build/startup_stm32f103xb.o
SPI2_IRQHandler                                   build/startup_stm32f103xb.o
SVC_Handler                                       build/port.o
StartDefaultTask                                  build/main.o
SysTick_Handler                                   build/stm32f1xx_it.o
SystemClock_Config                                build/main.o
SystemCoreClock                                   build/system_stm32f1xx.o
                                                  build/port.o
                                                  build/cmsis_os2.o
                                                  build/stm32f1xx_hal_rcc.o
                                                  build/stm32f1xx_hal.o
SystemCoreClockUpdate                             build/system_stm32f1xx.o
SystemInit                                        build/system_stm32f1xx.o
                                                  build/startup_stm32f103xb.o
TAMPER_IRQHandler                                 build/startup_stm32f103xb.o
TIM1_BRK_IRQHandler                               build/startup_stm32f103xb.o
TIM1_CC_IRQHandler                                build/startup_stm32f103xb.o
TIM1_TRG_COM_IRQHandler                           build/startup_stm32f103xb.o
TIM1_UP_IRQHandler                                build/startup_stm32f103xb.o
TIM2_IRQHandler                                   build/startup_stm32f103xb.o
TIM3_IRQHandler                                   build/startup_stm32f103xb.o
TIM4_IRQHandler                                   build/startup_stm32f103xb.o
UART_Start_Receive_DMA                            build/stm32f1xx_hal_uart.o
UART_Start_Receive_IT                             build/stm32f1xx_hal_uart.o
USART1_IRQHandler                                 build/startup_stm32f103xb.o
USART2_IRQHandler                                 build/startup_stm32f103xb.o
USART3_IRQHandler                                 build/startup_stm32f103xb.o
USBWakeUp_IRQHandler                              build/startup_stm32f103xb.o
USB_HP_CAN1_TX_IRQHandler                         build/startup_stm32f103xb.o
USB_LP_CAN1_RX0_IRQHandler                        build/startup_stm32f103xb.o
UsageFault_Handler                                build/stm32f1xx_it.o
WWDG_IRQHandler                                   build/startup_stm32f103xb.o
__bss_end__                                       /opt/gcc-arm-none-eabi-9-2020-q2-update/bin/../lib/gcc/arm-none-eabi/9.3.1/../../../../arm-none-eabi/lib/thumb/v7-m/nofp/crt0.o
__bss_start__                                     /opt/gcc-arm-none-eabi-9-2020-q2-update/bin/../lib/gcc/arm-none-eabi/9.3.1/../../../../arm-none-eabi/lib/thumb/v7-m/nofp/crt0.o
__call_exitprocs                                  /opt/gcc-arm-none-eabi-9-2020-q2-update/bin/../lib/gcc/arm-none-eabi/9.3.1/../../../../arm-none-eabi/lib/thumb/v7-m/nofp/libc_nano.a(lib_a-exit.o)
__deregister_frame_info                           /opt/gcc-arm-none-eabi-9-2020-q2-update/bin/../lib/gcc/arm-none-eabi/9.3.1/thumb/v7-m/nofp/crtbegin.o
__dso_handle                                      /opt/gcc-arm-none-eabi-9-2020-q2-update/bin/../lib/gcc/arm-none-eabi/9.3.1/thumb/v7-m/nofp/crtbegin.o
__init_array_end                                  /opt/gcc-arm-none-eabi-9-2020-q2-update/bin/../lib/gcc/arm-none-eabi/9.3.1/../../../../arm-none-eabi/lib/thumb/v7-m/nofp/libc_nano.a(lib_a-init.o)
__init_array_start                                /opt/gcc-arm-none-eabi-9-2020-q2-update/bin/../lib/gcc/arm-none-eabi/9.3.1/../../../../arm-none-eabi/lib/thumb/v7-m/nofp/libc_nano.a(lib_a-init.o)
__libc_fini_array                                 /opt/gcc-arm-none-eabi-9-2020-q2-update/bin/../lib/gcc/arm-none-eabi/9.3.1/../../../../arm-none-eabi/lib/thumb/v7-m/nofp/crt0.o
__libc_init_array                                 /opt/gcc-arm-none-eabi-9-2020-q2-update/bin/../lib/gcc/arm-none-eabi/9.3.1/../../../../arm-none-eabi/lib/thumb/v7-m/nofp/libc_nano.a(lib_a-init.o)
                                                  build/startup_stm32f103xb.o
                                                  /opt/gcc-arm-none-eabi-9-2020-q2-update/bin/../lib/gcc/arm-none-eabi/9.3.1/../../../../arm-none-eabi/lib/thumb/v7-m/nofp/crt0.o
__preinit_array_end                               /opt/gcc-arm-none-eabi-9-2020-q2-update/bin/../lib/gcc/arm-none-eabi/9.3.1/../../../../arm-none-eabi/lib/thumb/v7-m/nofp/libc_nano.a(lib_a-init.o)
__preinit_array_start                             /opt/gcc-arm-none-eabi-9-2020-q2-update/bin/../lib/gcc/arm-none-eabi/9.3.1/../../../../arm-none-eabi/lib/thumb/v7-m/nofp/libc_nano.a(lib_a-init.o)
__register_frame_info                             /opt/gcc-arm-none-eabi-9-2020-q2-update/bin/../lib/gcc/arm-none-eabi/9.3.1/thumb/v7-m/nofp/crtbegin.o
__sf_fake_stderr                                  /opt/gcc-arm-none-eabi-9-2020-q2-update/bin/../lib/gcc/arm-none-eabi/9.3.1/../../../../arm-none-eabi/lib/thumb/v7-m/nofp/libc_nano.a(lib_a-impure.o)
__sf_fake_stdin                                   /opt/gcc-arm-none-eabi-9-2020-q2-update/bin/../lib/gcc/arm-none-eabi/9.3.1/../../../../arm-none-eabi/lib/thumb/v7-m/nofp/libc_nano.a(lib_a-impure.o)
__sf_fake_stdout                                  /opt/gcc-arm-none-eabi-9-2020-q2-update/bin/../lib/gcc/arm-none-eabi/9.3.1/../../../../arm-none-eabi/lib/thumb/v7-m/nofp/libc_nano.a(lib_a-impure.o)
__stack                                           /opt/gcc-arm-none-eabi-9-2020-q2-update/bin/../lib/gcc/arm-none-eabi/9.3.1/../../../../arm-none-eabi/lib/thumb/v7-m/nofp/crt0.o
_ebss                                             build/startup_stm32f103xb.o
_edata                                            build/startup_stm32f103xb.o
_estack                                           build/startup_stm32f103xb.o
_exit                                             /opt/gcc-arm-none-eabi-9-2020-q2-update/bin/../lib/gcc/arm-none-eabi/9.3.1/../../../../arm-none-eabi/lib/thumb/v7-m/nofp/libnosys.a(_exit.o)
                                                  /opt/gcc-arm-none-eabi-9-2020-q2-update/bin/../lib/gcc/arm-none-eabi/9.3.1/../../../../arm-none-eabi/lib/thumb/v7-m/nofp/libc_nano.a(lib_a-exit.o)
_fini                                             /opt/gcc-arm-none-eabi-9-2020-q2-update/bin/../lib/gcc/arm-none-eabi/9.3.1/thumb/v7-m/nofp/crti.o
_global_impure_ptr                                /opt/gcc-arm-none-eabi-9-2020-q2-update/bin/../lib/gcc/arm-none-eabi/9.3.1/../../../../arm-none-eabi/lib/thumb/v7-m/nofp/libc_nano.a(lib_a-impure.o)
                                                  /opt/gcc-arm-none-eabi-9-2020-q2-update/bin/../lib/gcc/arm-none-eabi/9.3.1/../../../../arm-none-eabi/lib/thumb/v7-m/nofp/libc_nano.a(lib_a-exit.o)
_impure_ptr                                       /opt/gcc-arm-none-eabi-9-2020-q2-update/bin/../lib/gcc/arm-none-eabi/9.3.1/../../../../arm-none-eabi/lib/thumb/v7-m/nofp/libc_nano.a(lib_a-impure.o)
_init                                             /opt/gcc-arm-none-eabi-9-2020-q2-update/bin/../lib/gcc/arm-none-eabi/9.3.1/thumb/v7-m/nofp/crti.o
                                                  /opt/gcc-arm-none-eabi-9-2020-q2-update/bin/../lib/gcc/arm-none-eabi/9.3.1/../../../../arm-none-eabi/lib/thumb/v7-m/nofp/libc_nano.a(lib_a-init.o)
_mainCRTStartup                                   /opt/gcc-arm-none-eabi-9-2020-q2-update/bin/../lib/gcc/arm-none-eabi/9.3.1/../../../../arm-none-eabi/lib/thumb/v7-m/nofp/crt0.o
_sbss                                             build/startup_stm32f103xb.o
_sdata                                            build/startup_stm32f103xb.o
_sidata                                           build/startup_stm32f103xb.o
_stack_init                                       /opt/gcc-arm-none-eabi-9-2020-q2-update/bin/../lib/gcc/arm-none-eabi/9.3.1/../../../../arm-none-eabi/lib/thumb/v7-m/nofp/crt0.o
_start                                            /opt/gcc-arm-none-eabi-9-2020-q2-update/bin/../lib/gcc/arm-none-eabi/9.3.1/../../../../arm-none-eabi/lib/thumb/v7-m/nofp/crt0.o
atexit                                            /opt/gcc-arm-none-eabi-9-2020-q2-update/bin/../lib/gcc/arm-none-eabi/9.3.1/../../../../arm-none-eabi/lib/thumb/v7-m/nofp/crt0.o
defaultTaskHandle                                 build/main.o
defaultTask_attributes                            build/main.o
eTaskGetState                                     build/tasks.o
                                                  build/cmsis_os2.o
exit                                              /opt/gcc-arm-none-eabi-9-2020-q2-update/bin/../lib/gcc/arm-none-eabi/9.3.1/../../../../arm-none-eabi/lib/thumb/v7-m/nofp/libc_nano.a(lib_a-exit.o)
                                                  /opt/gcc-arm-none-eabi-9-2020-q2-update/bin/../lib/gcc/arm-none-eabi/9.3.1/../../../../arm-none-eabi/lib/thumb/v7-m/nofp/crt0.o
g_pfnVectors                                      build/startup_stm32f103xb.o
hardware_init_hook                                /opt/gcc-arm-none-eabi-9-2020-q2-update/bin/../lib/gcc/arm-none-eabi/9.3.1/../../../../arm-none-eabi/lib/thumb/v7-m/nofp/crt0.o
hcan                                              build/main.o
huart1                                            build/main.o
main                                              build/main.o
                                                  build/startup_stm32f103xb.o
                                                  /opt/gcc-arm-none-eabi-9-2020-q2-update/bin/../lib/gcc/arm-none-eabi/9.3.1/../../../../arm-none-eabi/lib/thumb/v7-m/nofp/crt0.o
memcpy                                            /opt/gcc-arm-none-eabi-9-2020-q2-update/bin/../lib/gcc/arm-none-eabi/9.3.1/../../../../arm-none-eabi/lib/thumb/v7-m/nofp/libc_nano.a(lib_a-memcpy-stub.o)
                                                  build/cmsis_os2.o
                                                  build/stream_buffer.o
                                                  build/queue.o
memset                                            /opt/gcc-arm-none-eabi-9-2020-q2-update/bin/../lib/gcc/arm-none-eabi/9.3.1/../../../../arm-none-eabi/lib/thumb/v7-m/nofp/libc_nano.a(lib_a-memset.o)
                                                  build/tasks.o
                                                  build/stream_buffer.o
                                                  build/main.o
                                                  /opt/gcc-arm-none-eabi-9-2020-q2-update/bin/../lib/gcc/arm-none-eabi/9.3.1/../../../../arm-none-eabi/lib/thumb/v7-m/nofp/crt0.o
osDelay                                           build/cmsis_os2.o
                                                  build/main.o
osDelayUntil                                      build/cmsis_os2.o
osEventFlagsClear                                 build/cmsis_os2.o
osEventFlagsDelete                                build/cmsis_os2.o
osEventFlagsGet                                   build/cmsis_os2.o
osEventFlagsNew                                   build/cmsis_os2.o
osEventFlagsSet                                   build/cmsis_os2.o
osEventFlagsWait                                  build/cmsis_os2.o
osKernelGetInfo                                   build/cmsis_os2.o
osKernelGetState                                  build/cmsis_os2.o
osKernelGetSysTimerCount                          build/cmsis_os2.o
osKernelGetSysTimerFreq                           build/cmsis_os2.o
osKernelGetTickCount                              build/cmsis_os2.o
osKernelGetTickFreq                               build/cmsis_os2.o
osKernelInitialize                                build/cmsis_os2.o
                                                  build/main.o
osKernelLock                                      build/cmsis_os2.o
osKernelRestoreLock                               build/cmsis_os2.o
osKernelStart                                     build/cmsis_os2.o
                                                  build/main.o
osKernelUnlock                                    build/cmsis_os2.o
osMemoryPoolAlloc                                 build/cmsis_os2.o
osMemoryPoolDelete                                build/cmsis_os2.o
osMemoryPoolFree                                  build/cmsis_os2.o
osMemoryPoolGetBlockSize                          build/cmsis_os2.o
osMemoryPoolGetCapacity                           build/cmsis_os2.o
osMemoryPoolGetCount                              build/cmsis_os2.o
osMemoryPoolGetName                               build/cmsis_os2.o
osMemoryPoolGetSpace                              build/cmsis_os2.o
osMemoryPoolNew                                   build/cmsis_os2.o
osMessageQueueDelete                              build/cmsis_os2.o
osMessageQueueGet                                 build/cmsis_os2.o
osMessageQueueGetCapacity                         build/cmsis_os2.o
osMessageQueueGetCount                            build/cmsis_os2.o
osMessageQueueGetMsgSize                          build/cmsis_os2.o
osMessageQueueGetSpace                            build/cmsis_os2.o
osMessageQueueNew                                 build/cmsis_os2.o
osMessageQueuePut                                 build/cmsis_os2.o
osMessageQueueReset                               build/cmsis_os2.o
osMutexAcquire                                    build/cmsis_os2.o
osMutexDelete                                     build/cmsis_os2.o
osMutexGetOwner                                   build/cmsis_os2.o
osMutexNew                                        build/cmsis_os2.o
osMutexRelease                                    build/cmsis_os2.o
osSemaphoreAcquire                                build/cmsis_os2.o
osSemaphoreDelete                                 build/cmsis_os2.o
osSemaphoreGetCount                               build/cmsis_os2.o
osSemaphoreNew                                    build/cmsis_os2.o
osSemaphoreRelease                                build/cmsis_os2.o
osThreadEnumerate                                 build/cmsis_os2.o
osThreadExit                                      build/cmsis_os2.o
osThreadFlagsClear                                build/cmsis_os2.o
osThreadFlagsGet                                  build/cmsis_os2.o
osThreadFlagsSet                                  build/cmsis_os2.o
osThreadFlagsWait                                 build/cmsis_os2.o
osThreadGetCount                                  build/cmsis_os2.o
osThreadGetId                                     build/cmsis_os2.o
osThreadGetName                                   build/cmsis_os2.o
osThreadGetPriority                               build/cmsis_os2.o
osThreadGetStackSpace                             build/cmsis_os2.o
osThreadGetState                                  build/cmsis_os2.o
osThreadNew                                       build/cmsis_os2.o
                                                  build/main.o
osThreadResume                                    build/cmsis_os2.o
osThreadSetPriority                               build/cmsis_os2.o
osThreadSuspend                                   build/cmsis_os2.o
osThreadTerminate                                 build/cmsis_os2.o
osThreadYield                                     build/cmsis_os2.o
osTimerDelete                                     build/cmsis_os2.o
osTimerGetName                                    build/cmsis_os2.o
osTimerIsRunning                                  build/cmsis_os2.o
osTimerNew                                        build/cmsis_os2.o
osTimerStart                                      build/cmsis_os2.o
osTimerStop                                       build/cmsis_os2.o
pFlash                                            build/stm32f1xx_hal_flash.o
                                                  build/stm32f1xx_hal_flash_ex.o
pcQueueGetName                                    build/queue.o
pcTaskGetName                                     build/tasks.o
                                                  build/cmsis_os2.o
pcTimerGetName                                    build/timers.o
                                                  build/cmsis_os2.o
pvPortMalloc                                      build/heap_4.o
                                                  build/cmsis_os2.o
                                                  build/timers.o
                                                  build/tasks.o
                                                  build/stream_buffer.o
                                                  build/queue.o
                                                  build/event_groups.o
pvTaskIncrementMutexHeldCount                     build/tasks.o
                                                  build/queue.o
pvTimerGetTimerID                                 build/timers.o
                                                  build/cmsis_os2.o
pxCurrentTCB                                      build/tasks.o
                                                  build/port.o
pxPortInitialiseStack                             build/port.o
                                                  build/tasks.o
software_init_hook                                /opt/gcc-arm-none-eabi-9-2020-q2-update/bin/../lib/gcc/arm-none-eabi/9.3.1/../../../../arm-none-eabi/lib/thumb/v7-m/nofp/crt0.o
ucQueueGetQueueType                               build/queue.o
ucStreamBufferGetStreamBufferType                 build/stream_buffer.o
ulTaskNotifyTake                                  build/tasks.o
ulTaskNotifyValueClear                            build/tasks.o
uwTick                                            build/stm32f1xx_hal.o
uwTickFreq                                        build/stm32f1xx_hal.o
uwTickPrio                                        build/stm32f1xx_hal.o
                                                  build/stm32f1xx_hal_rcc.o
uxEventGroupGetNumber                             build/event_groups.o
uxListRemove                                      build/list.o
                                                  build/timers.o
                                                  build/tasks.o
uxQueueGetQueueNumber                             build/queue.o
uxQueueMessagesWaiting                            build/queue.o
                                                  build/cmsis_os2.o
uxQueueMessagesWaitingFromISR                     build/queue.o
                                                  build/cmsis_os2.o
uxQueueSpacesAvailable                            build/queue.o
                                                  build/cmsis_os2.o
uxStreamBufferGetStreamBufferNumber               build/stream_buffer.o
uxTaskGetNumberOfTasks                            build/tasks.o
                                                  build/cmsis_os2.o
uxTaskGetStackHighWaterMark                       build/tasks.o
                                                  build/cmsis_os2.o
uxTaskGetSystemState                              build/tasks.o
                                                  build/cmsis_os2.o
uxTaskGetTaskNumber                               build/tasks.o
uxTaskPriorityGet                                 build/tasks.o
                                                  build/cmsis_os2.o
uxTaskPriorityGetFromISR                          build/tasks.o
uxTaskResetEventItemValue                         build/tasks.o
                                                  build/event_groups.o
uxTimerGetReloadMode                              build/timers.o
uxTimerGetTimerNumber                             build/timers.o
vApplicationGetIdleTaskMemory                     build/cmsis_os2.o
                                                  build/tasks.o
vApplicationGetTimerTaskMemory                    build/cmsis_os2.o
                                                  build/timers.o
vEventGroupClearBitsCallback                      build/event_groups.o
vEventGroupDelete                                 build/event_groups.o
                                                  build/cmsis_os2.o
vEventGroupSetBitsCallback                        build/event_groups.o
vEventGroupSetNumber                              build/event_groups.o
vListInitialise                                   build/list.o
                                                  build/timers.o
                                                  build/tasks.o
                                                  build/queue.o
                                                  build/event_groups.o
vListInitialiseItem                               build/list.o
                                                  build/timers.o
                                                  build/tasks.o
vListInsert                                       build/list.o
                                                  build/timers.o
                                                  build/tasks.o
vListInsertEnd                                    build/list.o
                                                  build/tasks.o
vPortEndScheduler                                 build/port.o
                                                  build/tasks.o
vPortEnterCritical                                build/port.o
                                                  build/heap_4.o
                                                  build/cmsis_os2.o
                                                  build/timers.o
                                                  build/tasks.o
                                                  build/stream_buffer.o
                                                  build/queue.o
                                                  build/event_groups.o
vPortExitCritical                                 build/port.o
                                                  build/heap_4.o
                                                  build/cmsis_os2.o
                                                  build/timers.o
                                                  build/tasks.o
                                                  build/stream_buffer.o